Archive member included to satisfy reference by file (symbol)

C:/ST/STM32CubeIDE_1.13.0/STM32CubeIDE/plugins/com.st.stm32cube.ide.mcu.externaltools.gnu-tools-for-stm32.12.3.rel1.win32_1.0.200.202406191623/tools/bin/../lib/gcc/arm-none-eabi/12.3.1/../../../../arm-none-eabi/lib/thumb/v7e-m+fp/hard\libc_nano.a(libc_a-exit.o)
                              C:/ST/STM32CubeIDE_1.13.0/STM32CubeIDE/plugins/com.st.stm32cube.ide.mcu.externaltools.gnu-tools-for-stm32.12.3.rel1.win32_1.0.200.202406191623/tools/bin/../lib/gcc/arm-none-eabi/12.3.1/../../../../arm-none-eabi/lib/thumb/v7e-m+fp/hard/crt0.o (exit)
C:/ST/STM32CubeIDE_1.13.0/STM32CubeIDE/plugins/com.st.stm32cube.ide.mcu.externaltools.gnu-tools-for-stm32.12.3.rel1.win32_1.0.200.202406191623/tools/bin/../lib/gcc/arm-none-eabi/12.3.1/../../../../arm-none-eabi/lib/thumb/v7e-m+fp/hard\libc_nano.a(libc_a-findfp.o)
                              ./Middlewares/Third_Party/FreeRTOS/Source/tasks.o (__sf)
C:/ST/STM32CubeIDE_1.13.0/STM32CubeIDE/plugins/com.st.stm32cube.ide.mcu.externaltools.gnu-tools-for-stm32.12.3.rel1.win32_1.0.200.202406191623/tools/bin/../lib/gcc/arm-none-eabi/12.3.1/../../../../arm-none-eabi/lib/thumb/v7e-m+fp/hard\libc_nano.a(libc_a-fwalk.o)
                              C:/ST/STM32CubeIDE_1.13.0/STM32CubeIDE/plugins/com.st.stm32cube.ide.mcu.externaltools.gnu-tools-for-stm32.12.3.rel1.win32_1.0.200.202406191623/tools/bin/../lib/gcc/arm-none-eabi/12.3.1/../../../../arm-none-eabi/lib/thumb/v7e-m+fp/hard\libc_nano.a(libc_a-findfp.o) (_fwalk_sglue)
C:/ST/STM32CubeIDE_1.13.0/STM32CubeIDE/plugins/com.st.stm32cube.ide.mcu.externaltools.gnu-tools-for-stm32.12.3.rel1.win32_1.0.200.202406191623/tools/bin/../lib/gcc/arm-none-eabi/12.3.1/../../../../arm-none-eabi/lib/thumb/v7e-m+fp/hard\libc_nano.a(libc_a-stdio.o)
                              C:/ST/STM32CubeIDE_1.13.0/STM32CubeIDE/plugins/com.st.stm32cube.ide.mcu.externaltools.gnu-tools-for-stm32.12.3.rel1.win32_1.0.200.202406191623/tools/bin/../lib/gcc/arm-none-eabi/12.3.1/../../../../arm-none-eabi/lib/thumb/v7e-m+fp/hard\libc_nano.a(libc_a-findfp.o) (__sread)
C:/ST/STM32CubeIDE_1.13.0/STM32CubeIDE/plugins/com.st.stm32cube.ide.mcu.externaltools.gnu-tools-for-stm32.12.3.rel1.win32_1.0.200.202406191623/tools/bin/../lib/gcc/arm-none-eabi/12.3.1/../../../../arm-none-eabi/lib/thumb/v7e-m+fp/hard\libc_nano.a(libc_a-memset.o)
                              C:/ST/STM32CubeIDE_1.13.0/STM32CubeIDE/plugins/com.st.stm32cube.ide.mcu.externaltools.gnu-tools-for-stm32.12.3.rel1.win32_1.0.200.202406191623/tools/bin/../lib/gcc/arm-none-eabi/12.3.1/../../../../arm-none-eabi/lib/thumb/v7e-m+fp/hard/crt0.o (memset)
C:/ST/STM32CubeIDE_1.13.0/STM32CubeIDE/plugins/com.st.stm32cube.ide.mcu.externaltools.gnu-tools-for-stm32.12.3.rel1.win32_1.0.200.202406191623/tools/bin/../lib/gcc/arm-none-eabi/12.3.1/../../../../arm-none-eabi/lib/thumb/v7e-m+fp/hard\libc_nano.a(libc_a-closer.o)
                              C:/ST/STM32CubeIDE_1.13.0/STM32CubeIDE/plugins/com.st.stm32cube.ide.mcu.externaltools.gnu-tools-for-stm32.12.3.rel1.win32_1.0.200.202406191623/tools/bin/../lib/gcc/arm-none-eabi/12.3.1/../../../../arm-none-eabi/lib/thumb/v7e-m+fp/hard\libc_nano.a(libc_a-stdio.o) (_close_r)
C:/ST/STM32CubeIDE_1.13.0/STM32CubeIDE/plugins/com.st.stm32cube.ide.mcu.externaltools.gnu-tools-for-stm32.12.3.rel1.win32_1.0.200.202406191623/tools/bin/../lib/gcc/arm-none-eabi/12.3.1/../../../../arm-none-eabi/lib/thumb/v7e-m+fp/hard\libc_nano.a(libc_a-reent.o)
                              ./Middlewares/Third_Party/FreeRTOS/Source/tasks.o (_reclaim_reent)
C:/ST/STM32CubeIDE_1.13.0/STM32CubeIDE/plugins/com.st.stm32cube.ide.mcu.externaltools.gnu-tools-for-stm32.12.3.rel1.win32_1.0.200.202406191623/tools/bin/../lib/gcc/arm-none-eabi/12.3.1/../../../../arm-none-eabi/lib/thumb/v7e-m+fp/hard\libc_nano.a(libc_a-impure.o)
                              ./Middlewares/Third_Party/FreeRTOS/Source/tasks.o (_impure_ptr)
C:/ST/STM32CubeIDE_1.13.0/STM32CubeIDE/plugins/com.st.stm32cube.ide.mcu.externaltools.gnu-tools-for-stm32.12.3.rel1.win32_1.0.200.202406191623/tools/bin/../lib/gcc/arm-none-eabi/12.3.1/../../../../arm-none-eabi/lib/thumb/v7e-m+fp/hard\libc_nano.a(libc_a-lseekr.o)
                              C:/ST/STM32CubeIDE_1.13.0/STM32CubeIDE/plugins/com.st.stm32cube.ide.mcu.externaltools.gnu-tools-for-stm32.12.3.rel1.win32_1.0.200.202406191623/tools/bin/../lib/gcc/arm-none-eabi/12.3.1/../../../../arm-none-eabi/lib/thumb/v7e-m+fp/hard\libc_nano.a(libc_a-stdio.o) (_lseek_r)
C:/ST/STM32CubeIDE_1.13.0/STM32CubeIDE/plugins/com.st.stm32cube.ide.mcu.externaltools.gnu-tools-for-stm32.12.3.rel1.win32_1.0.200.202406191623/tools/bin/../lib/gcc/arm-none-eabi/12.3.1/../../../../arm-none-eabi/lib/thumb/v7e-m+fp/hard\libc_nano.a(libc_a-readr.o)
[...]
Memory Configuration

Name             Origin             Length             Attributes
RAM              0x20000000         0x00020000         xrw
FLASH            0x08000000         0x00080000         xr
*default*        0x00000000         0xffffffff

Linker script and memory map

LOAD C:/ST/STM32CubeIDE_1.13.0/STM32CubeIDE/plugins/com.st.stm32cube.ide.mcu.externaltools.gnu-tools-for-stm32.12.3.rel1.win32_1.0.200.202406191623/tools/bin/../lib/gcc/arm-none-eabi/12.3.1/thumb/v7e-m+fp/hard/crti.o
LOAD C:/ST/STM32CubeIDE_1.13.0/STM32CubeIDE/plugins/com.st.stm32cube.ide.mcu.externaltools.gnu-tools-for-stm32.12.3.rel1.win32_1.0.200.202406191623/tools/bin/../lib/gcc/arm-none-eabi/12.3.1/thumb/v7e-m+fp/hard/crtbegin.o
LOAD C:/ST/STM32CubeIDE_1.13.0/STM32CubeIDE/plugins/com.st.stm32cube.ide.mcu.externaltools.gnu-tools-for-stm32.12.3.rel1.win32_1.0.200.202406191623/tools/bin/../lib/gcc/arm-none-eabi/12.3.1/../../../../arm-none-eabi/lib/thumb/v7e-m+fp/hard/crt0.o
LOAD ./Core/Src/delay.o
LOAD ./Core/Src/freertos.o
LOAD ./Core/Src/gpio.o
LOAD ./Core/Src/main.o
LOAD ./Core/Src/moter.o
LOAD ./Core/Src/stm32f4xx_hal_msp.o
LOAD ./Core/Src/stm32f4xx_hal_timebase_tim.o
LOAD ./Core/Src/stm32f4xx_it.o
LOAD ./Core/Src/syscalls.o
LOAD ./Core/Src/sysmem.o
LOAD ./Core/Src/system_stm32f4xx.o
LOAD ./Core/Src/tim.o
LOAD ./Core/Src/ultrasonic.o
LOAD ./Core/Src/usart.o
LOAD ./Core/Startup/startup_stm32f411retx.o
LOAD ./Drivers/STM32F4xx_HAL_Driver/Src/stm32f4xx_hal.o
LOAD ./Drivers/STM32F4xx_HAL_Driver/Src/stm32f4xx_hal_cortex.o
LOAD ./Drivers/STM32F4xx_HAL_Driver/Src/stm32f4xx_hal_dma.o
LOAD ./Drivers/STM32F4xx_HAL_Driver/Src/stm32f4xx_hal_dma_ex.o
LOAD ./Drivers/STM32F4xx_HAL_Driver/Src/stm32f4xx_hal_exti.o
LOAD ./Drivers/STM32F4xx_HAL_Driver/Src/stm32f4xx_hal_flash.o
LOAD ./Drivers/STM32F4xx_HAL_Driver/Src/stm32f4xx_hal_flash_ex.o
LOAD ./Drivers/STM32F4xx_HAL_Driver/Src/stm32f4xx_hal_flash_ramfunc.o
LOAD ./Drivers/STM32F4xx_HAL_Driver/Src/stm32f4xx_hal_gpio.o
LOAD ./Drivers/STM32F4xx_HAL_Driver/Src/stm32f4xx_hal_pwr.o
LOAD ./Drivers/STM32F4xx_HAL_Driver/Src/stm32f4xx_hal_pwr_ex.o
LOAD ./Drivers/STM32F4xx_HAL_Driver/Src/stm32f4xx_hal_rcc.o
LOAD ./Drivers/STM32F4xx_HAL_Driver/Src/stm32f4xx_hal_rcc_ex.o
LOAD ./Drivers/STM32F4xx_HAL_Driver/Src/stm32f4xx_hal_tim.o
LOAD ./Drivers/STM32F4xx_HAL_Driver/Src/stm32f4xx_hal_tim_ex.o
LOAD ./Drivers/STM32F4xx_HAL_Driver/Src/stm32f4xx_hal_uart.o
LOAD ./Middlewares/Third_Party/FreeRTOS/Source/CMSIS_RTOS_V2/cmsis_os2.o
LOAD ./Middlewares/Third_Party/FreeRTOS/Source/croutine.o
LOAD ./Middlewares/Third_Party/FreeRTOS/Source/event_groups.o
LOAD ./Middlewares/Third_Party/FreeRTOS/Source/list.o
LOAD ./Middlewares/Third_Party/FreeRTOS/Source/queue.o
LOAD ./Middlewares/Third_Party/FreeRTOS/Source/stream_buffer.o
LOAD ./Middlewares/Third_Party/FreeRTOS/Source/tasks.o
LOAD ./Middlewares/Third_Party/FreeRTOS/Source/timers.o
LOAD ./Middlewares/Third_Party/FreeRTOS/Source/portable/GCC/ARM_CM4F/port.o
LOAD ./Middlewares/Third_Party/FreeRTOS/Source/portable/MemMang/heap_4.o
START GROUP
LOAD C:/ST/STM32CubeIDE_1.13.0/STM32CubeIDE/plugins/com.st.stm32cube.ide.mcu.externaltools.gnu-tools-for-stm32.12.3.rel1.win32_1.0.200.202406191623/tools/bin/../lib/gcc/arm-none-eabi/12.3.1/../../../../arm-none-eabi/lib/thumb/v7e-m+fp/hard\libc_nano.a
LOAD C:/ST/STM32CubeIDE_1.13.0/STM32CubeIDE/plugins/com.st.stm32cube.ide.mcu.externaltools.gnu-tools-for-stm32.12.3.rel1.win32_1.0.200.202406191623/tools/bin/../lib/gcc/arm-none-eabi/12.3.1/../../../../arm-none-eabi/lib/thumb/v7e-m+fp/hard\libm.a
END GROUP
START GROUP
LOAD C:/ST/STM32CubeIDE_1.13.0/STM32CubeIDE/plugins/com.st.stm32cube.ide.mcu.externaltools.gnu-tools-for-stm32.12.3.rel1.win32_1.0.200.202406191623/tools/bin/../lib/gcc/arm-none-eabi/12.3.1/thumb/v7e-m+fp/hard\libgcc.a
LOAD C:/ST/STM32CubeIDE_1.13.0/STM32CubeIDE/plugins/com.st.stm32cube.ide.mcu.externaltools.gnu-tools-for-stm32.12.3.rel1.win32_1.0.200.202406191623/tools/bin/../lib/gcc/arm-none-eabi/12.3.1/../../../../arm-none-eabi/lib/thumb/v7e-m+fp/hard\libc_nano.a
END GROUP
START GROUP
LOAD C:/ST/STM32CubeIDE_1.13.0/STM32CubeIDE/plugins/com.st.stm32cube.ide.mcu.externaltools.gnu-tools-for-stm32.12.3.rel1.win32_1.0.200.202406191623/tools/bin/../lib/gcc/arm-none-eabi/12.3.1/thumb/v7e-m+fp/hard\libgcc.a
LOAD C:/ST/STM32CubeIDE_1.13.0/STM32CubeIDE/plugins/com.st.stm32cube.ide.mcu.externaltools.gnu-tools-for-stm32.12.3.rel1.win32_1.0.200.202406191623/tools/bin/../lib/gcc/arm-none-eabi/12.3.1/../../../../arm-none-eabi/lib/thumb/v7e-m+fp/hard\libc_nano.a
LOAD C:/ST/STM32CubeIDE_1.13.0/STM32CubeIDE/plugins/com.st.stm32cube.ide.mcu.externaltools.gnu-tools-for-stm32.12.3.rel1.win32_1.0.200.202406191623/tools/bin/../lib/gcc/arm-none-eabi/12.3.1/../../../../arm-none-eabi/lib/thumb/v7e-m+fp/hard\libnosys.a
END GROUP
START GROUP
LOAD C:/ST/STM32CubeIDE_1.13.0/STM32CubeIDE/plugins/com.st.stm32cube.ide.mcu.externaltools.gnu-tools-for-stm32.12.3.rel1.win32_1.0.200.202406191623/tools/bin/../lib/gcc/arm-none-eabi/12.3.1/thumb/v7e-m+fp/hard\libgcc.a
LOAD C:/ST/STM32CubeIDE_1.13.0/STM32CubeIDE/plugins/com.st.stm32cube.ide.mcu.externaltools.gnu-tools-for-stm32.12.3.rel1.win32_1.0.200.202406191623/tools/bin/../lib/gcc/arm-none-eabi/12.3.1/../../../../arm-none-eabi/lib/thumb/v7e-m+fp/hard\libc_nano.a
LOAD C:/ST/STM32CubeIDE_1.13.0/STM32CubeIDE/plugins/com.st.stm32cube.ide.mcu.externaltools.gnu-tools-for-stm32.12.3.rel1.win32_1.0.200.202406191623/tools/bin/../lib/gcc/arm-none-eabi/12.3.1/../../../../arm-none-eabi/lib/thumb/v7e-m+fp/hard\libnosys.a
END GROUP
LOAD C:/ST/STM32CubeIDE_1.13.0/STM32CubeIDE/plugins/com.st.stm32cube.ide.mcu.externaltools.gnu-tools-for-stm32.12.3.rel1.win32_1.0.200.202406191623/tools/bin/../lib/gcc/arm-none-eabi/12.3.1/thumb/v7e-m+fp/hard/crtend.o
LOAD C:/ST/STM32CubeIDE_1.13.0/STM32CubeIDE/plugins/com.st.stm32cube.ide.mcu.externaltools.gnu-tools-for-stm32.12.3.rel1.win32_1.0.200.202406191623/tools/bin/../lib/gcc/arm-none-eabi/12.3.1/thumb/v7e-m+fp/hard/crtn.o
                0x20020000                        _estack = (ORIGIN (RAM) + LENGTH (RAM))
                0x00000200                        _Min_Heap_Size = 0x200
                0x00000400                        _Min_Stack_Size = 0x400

.isr_vector     0x08000000      0x198
                0x08000000                        . = ALIGN (0x4)
 *(.isr_vector)
 .isr_vector    0x08000000      0x198 ./Core/Startup/startup_stm32f411retx.o
                0x08000000                g_pfnVectors
                0x08000198                        . = ALIGN (0x4)

.text           0x080001a0     0x7a30
                0x080001a0                        . = ALIGN (0x4)
 *(.text)
 .text          0x080001a0       0x40 C:/ST/STM32CubeIDE_1.13.0/STM32CubeIDE/plugins/com.st.stm32cube.ide.mcu.externaltools.gnu-tools-for-stm32.12.3.rel1.win32_1.0.200.202406191623/tools/bin/../lib/gcc/arm-none-eabi/12.3.1/thumb/v7e-m+fp/hard/crtbegin.o
 .text          0x080001e0       0x30 C:/ST/STM32CubeIDE_1.13.0/STM32CubeIDE/plugins/com.st.stm32cube.ide.mcu.externaltools.gnu-tools-for-stm32.12.3.rel1.win32_1.0.200.202406191623/tools/bin/../lib/gcc/arm-none-eabi/12.3.1/thumb/v7e-m+fp/hard\libgcc.a(_aeabi_uldivmod.o)
                0x080001e0                __aeabi_uldivmod
 .text          0x08000210      0x2bc C:/ST/STM32CubeIDE_1.13.0/STM32CubeIDE/plugins/com.st.stm32cube.ide.mcu.externaltools.gnu-tools-for-stm32.12.3.rel1.win32_1.0.200.202406191623/tools/bin/../lib/gcc/arm-none-eabi/12.3.1/thumb/v7e-m+fp/hard\libgcc.a(_udivmoddi4.o)
                0x08000210                __udivmoddi4
 .text          0x080004cc        0x4 C:/ST/STM32CubeIDE_1.13.0/STM32CubeIDE/plugins/com.st.stm32cube.ide.mcu.externaltools.gnu-tools-for-stm32.12.3.rel1.win32_1.0.200.202406191623/tools/bin/../lib/gcc/arm-none-eabi/12.3.1/thumb/v7e-m+fp/hard\libgcc.a(_dvmd_tls.o)
                0x080004cc                __aeabi_idiv0
                0x080004cc                __aeabi_ldiv0
 *(.text*)
 .text.MX_FREERTOS_Init
                0x080004d0       0x78 ./Core/Src/freertos.o
                0x080004d0                MX_FREERTOS_Init
 .text.StartDefaultTask
                0x08000548       0x20 ./Core/Src/freertos.o
                0x08000548                StartDefaultTask
 .text.StartTask02
                0x08000568       0x16 ./Core/Src/freertos.o
                0x08000568                StartTask02
 .text.StartTask03
                0x0800057e       0x16 ./Core/Src/freertos.o
                0x0800057e                StartTask03
 .text.StartTask04
                0x08000594       0x16 ./Core/Src/freertos.o
                0x08000594                StartTask04
 *fill*         0x080005aa        0x2 
 .text.MX_GPIO_Init
                0x080005ac      0x158 ./Core/Src/gpio.o
                0x080005ac                MX_GPIO_Init
 .text.HAL_UART_RxCpltCallback
                0x08000704       0x44 ./Core/Src/main.o
                0x08000704                HAL_UART_RxCpltCallback
 .text.main     0x08000748       0x6c ./Core/Src/main.o
                0x08000748                main
 .text.SystemClock_Config
                0x080007b4       0xd0 ./Core/Src/main.o
                0x080007b4                SystemClock_Config
 .text.HAL_TIM_PeriodElapsedCallback
                0x08000884       0x24 ./Core/Src/main.o
                0x08000884                HAL_TIM_PeriodElapsedCallback
 .text.Error_Handler
                0x080008a8        0xc ./Core/Src/main.o
                0x080008a8                Error_Handler
 .text.PWM_Init
                0x080008b4       0x1c ./Core/Src/moter.o
                0x080008b4                PWM_Init
 .text.FORWARD  0x080008d0       0x50 ./Core/Src/moter.o
                0x080008d0                FORWARD
 .text.RIGHTTURN
                0x08000920       0x50 ./Core/Src/moter.o
                0x08000920                RIGHTTURN
 .text.LEFTTURN
                0x08000970       0x50 ./Core/Src/moter.o
                0x08000970                LEFTTURN
 .text.START_while
                0x080009c0      0x188 ./Core/Src/moter.o
                0x080009c0                START_while
 .text.HAL_MspInit
                0x08000b48       0x58 ./Core/Src/stm32f4xx_hal_msp.o
                0x08000b48                HAL_MspInit
 .text.HAL_InitTick
                0x08000ba0       0xe4 ./Core/Src/stm32f4xx_hal_timebase_tim.o
                0x08000ba0                HAL_InitTick
 .text.NMI_Handler
                0x08000c84        0x8 ./Core/Src/stm32f4xx_it.o
                0x08000c84                NMI_Handler
 .text.HardFault_Handler
                0x08000c8c        0x8 ./Core/Src/stm32f4xx_it.o
                0x08000c8c                HardFault_Handler
 .text.MemManage_Handler
                0x08000c94        0x8 ./Core/Src/stm32f4xx_it.o
                0x08000c94                MemManage_Handler
 .text.BusFault_Handler
                0x08000c9c        0x8 ./Core/Src/stm32f4xx_it.o
                0x08000c9c                BusFault_Handler
 .text.UsageFault_Handler
                0x08000ca4        0x8 ./Core/Src/stm32f4xx_it.o
                0x08000ca4                UsageFault_Handler
 .text.DebugMon_Handler
                0x08000cac        0xe ./Core/Src/stm32f4xx_it.o
                0x08000cac                DebugMon_Handler
 *fill*         0x08000cba        0x2 
 .text.TIM1_TRG_COM_TIM11_IRQHandler
                0x08000cbc       0x14 ./Core/Src/stm32f4xx_it.o
                0x08000cbc                TIM1_TRG_COM_TIM11_IRQHandler
 .text.TIM3_IRQHandler
                0x08000cd0       0x14 ./Core/Src/stm32f4xx_it.o
                0x08000cd0                TIM3_IRQHandler
 .text.TIM4_IRQHandler
                0x08000ce4       0x14 ./Core/Src/stm32f4xx_it.o
                0x08000ce4                TIM4_IRQHandler
 .text.TIM5_IRQHandler
                0x08000cf8       0x14 ./Core/Src/stm32f4xx_it.o
                0x08000cf8                TIM5_IRQHandler
 .text.USART6_IRQHandler
                0x08000d0c       0x14 ./Core/Src/stm32f4xx_it.o
                0x08000d0c                USART6_IRQHandler
 .text.SystemInit
                0x08000d20       0x24 ./Core/Src/system_stm32f4xx.o
                0x08000d20                SystemInit
 .text.MX_TIM3_Init
                0x08000d44       0xec ./Core/Src/tim.o
                0x08000d44                MX_TIM3_Init
 .text.MX_TIM4_Init
                0x08000e30       0xe0 ./Core/Src/tim.o
                0x08000e30                MX_TIM4_Init
 .text.MX_TIM5_Init
                0x08000f10       0xf8 ./Core/Src/tim.o
                0x08000f10                MX_TIM5_Init
 .text.MX_TIM10_Init
                0x08001008       0x48 ./Core/Src/tim.o
                0x08001008                MX_TIM10_Init
 .text.HAL_TIM_PWM_MspInit
                0x08001050       0x50 ./Core/Src/tim.o
                0x08001050                HAL_TIM_PWM_MspInit
 .text.HAL_TIM_Base_MspInit
                0x080010a0      0x148 ./Core/Src/tim.o
                0x080010a0                HAL_TIM_Base_MspInit
 .text.HAL_TIM_MspPostInit
                0x080011e8       0xb4 ./Core/Src/tim.o
                0x080011e8                HAL_TIM_MspPostInit
 .text.HAL_TIM_IC_CaptureCallback
                0x0800129c      0x36c ./Core/Src/ultrasonic.o
                0x0800129c                HAL_TIM_IC_CaptureCallback
 .text.HCSR04_read_ch1
                0x08001608       0x48 ./Core/Src/ultrasonic.o
                0x08001608                HCSR04_read_ch1
 .text.HCSR04_read_ch2
                0x08001650       0x48 ./Core/Src/ultrasonic.o
                0x08001650                HCSR04_read_ch2
 .text.HCSR04_read_ch3
                0x08001698       0x48 ./Core/Src/ultrasonic.o
                0x08001698                HCSR04_read_ch3
 .text.MX_USART6_UART_Init
                0x080016e0       0x54 ./Core/Src/usart.o
                0x080016e0                MX_USART6_UART_Init
 .text.HAL_UART_MspInit
                0x08001734       0xe0 ./Core/Src/usart.o
                0x08001734                HAL_UART_MspInit
 .text.Reset_Handler
                0x08001814       0x50 ./Core/Startup/startup_stm32f411retx.o
                0x08001814                Reset_Handler
 .text.Default_Handler
                0x08001864        0x2 ./Core/Startup/startup_stm32f411retx.o
                0x08001864                RTC_Alarm_IRQHandler
                0x08001864                EXTI2_IRQHandler
                0x08001864                SPI4_IRQHandler
                0x08001864                TIM1_CC_IRQHandler
                0x08001864                DMA2_Stream5_IRQHandler
                0x08001864                DMA1_Stream5_IRQHandler
                0x08001864                PVD_IRQHandler
                0x08001864                SDIO_IRQHandler
                0x08001864                TAMP_STAMP_IRQHandler
                0x08001864                EXTI3_IRQHandler
                0x08001864                TIM1_UP_TIM10_IRQHandler
                0x08001864                I2C3_ER_IRQHandler
                0x08001864                EXTI0_IRQHandler
                0x08001864                I2C2_EV_IRQHandler
                0x08001864                DMA1_Stream2_IRQHandler
                0x08001864                FPU_IRQHandler
                0x08001864                DMA2_Stream2_IRQHandler
                0x08001864                SPI1_IRQHandler
                0x08001864                TIM1_BRK_TIM9_IRQHandler
                0x08001864                DMA2_Stream3_IRQHandler
                0x08001864                DMA2_Stream0_IRQHandler
                0x08001864                I2C1_EV_IRQHandler
                0x08001864                DMA1_Stream6_IRQHandler
                0x08001864                DMA1_Stream1_IRQHandler
                0x08001864                RCC_IRQHandler
                0x08001864                Default_Handler
                0x08001864                EXTI15_10_IRQHandler
                0x08001864                ADC_IRQHandler
                0x08001864                DMA1_Stream7_IRQHandler
                0x08001864                SPI5_IRQHandler
                0x08001864                DMA2_Stream7_IRQHandler
                0x08001864                I2C3_EV_IRQHandler
                0x08001864                EXTI9_5_IRQHandler
                0x08001864                RTC_WKUP_IRQHandler
                0x08001864                SPI2_IRQHandler
                0x08001864                DMA1_Stream0_IRQHandler
                0x08001864                EXTI4_IRQHandler
                0x08001864                WWDG_IRQHandler
                0x08001864                TIM2_IRQHandler
                0x08001864                OTG_FS_WKUP_IRQHandler
                0x08001864                EXTI1_IRQHandler
                0x08001864                USART2_IRQHandler
                0x08001864                I2C2_ER_IRQHandler
                0x08001864                DMA2_Stream1_IRQHandler
                0x08001864                FLASH_IRQHandler
                0x08001864                DMA2_Stream4_IRQHandler
                0x08001864                USART1_IRQHandler
                0x08001864                OTG_FS_IRQHandler
                0x08001864                SPI3_IRQHandler
                0x08001864                DMA1_Stream4_IRQHandler
                0x08001864                I2C1_ER_IRQHandler
                0x08001864                DMA2_Stream6_IRQHandler
                0x08001864                DMA1_Stream3_IRQHandler
 *fill*         0x08001866        0x2 
 .text.HAL_Init
                0x08001868       0x44 ./Drivers/STM32F4xx_HAL_Driver/Src/stm32f4xx_hal.o
                0x08001868                HAL_Init
 .text.HAL_IncTick
                0x080018ac       0x28 ./Drivers/STM32F4xx_HAL_Driver/Src/stm32f4xx_hal.o
                0x080018ac                HAL_IncTick
 .text.HAL_GetTick
                0x080018d4       0x18 ./Drivers/STM32F4xx_HAL_Driver/Src/stm32f4xx_hal.o
                0x080018d4                HAL_GetTick
 .text.HAL_Delay
                0x080018ec       0x48 ./Drivers/STM32F4xx_HAL_Driver/Src/stm32f4xx_hal.o
                0x080018ec                HAL_Delay
 .text.__NVIC_SetPriorityGrouping
                0x08001934       0x48 ./Drivers/STM32F4xx_HAL_Driver/Src/stm32f4xx_hal_cortex.o
 .text.__NVIC_GetPriorityGrouping
                0x0800197c       0x1c ./Drivers/STM32F4xx_HAL_Driver/Src/stm32f4xx_hal_cortex.o
 .text.__NVIC_EnableIRQ
                0x08001998       0x3c ./Drivers/STM32F4xx_HAL_Driver/Src/stm32f4xx_hal_cortex.o
 .text.__NVIC_SetPriority
                0x080019d4       0x54 ./Drivers/STM32F4xx_HAL_Driver/Src/stm32f4xx_hal_cortex.o
 .text.NVIC_EncodePriority
                0x08001a28       0x66 ./Drivers/STM32F4xx_HAL_Driver/Src/stm32f4xx_hal_cortex.o
 .text.HAL_NVIC_SetPriorityGrouping
                0x08001a8e       0x16 ./Drivers/STM32F4xx_HAL_Driver/Src/stm32f4xx_hal_cortex.o
                0x08001a8e                HAL_NVIC_SetPriorityGrouping
 .text.HAL_NVIC_SetPriority
                0x08001aa4       0x38 ./Drivers/STM32F4xx_HAL_Driver/Src/stm32f4xx_hal_cortex.o
                0x08001aa4                HAL_NVIC_SetPriority
 .text.HAL_NVIC_EnableIRQ
                0x08001adc       0x1c ./Drivers/STM32F4xx_HAL_Driver/Src/stm32f4xx_hal_cortex.o
                0x08001adc                HAL_NVIC_EnableIRQ
 .text.HAL_DMA_Abort
                0x08001af8       0xe0 ./Drivers/STM32F4xx_HAL_Driver/Src/stm32f4xx_hal_dma.o
                0x08001af8                HAL_DMA_Abort
 .text.HAL_DMA_Abort_IT
                0x08001bd8       0x44 ./Drivers/STM32F4xx_HAL_Driver/Src/stm32f4xx_hal_dma.o
                0x08001bd8                HAL_DMA_Abort_IT
 .text.HAL_GPIO_Init
                0x08001c1c      0x308 ./Drivers/STM32F4xx_HAL_Driver/Src/stm32f4xx_hal_gpio.o
                0x08001c1c                HAL_GPIO_Init
 .text.HAL_GPIO_WritePin
                0x08001f24       0x32 ./Drivers/STM32F4xx_HAL_Driver/Src/stm32f4xx_hal_gpio.o
                0x08001f24                HAL_GPIO_WritePin
 *fill*         0x08001f56        0x2 
 .text.HAL_RCC_OscConfig
                0x08001f58      0x4f0 ./Drivers/STM32F4xx_HAL_Driver/Src/stm32f4xx_hal_rcc.o
                0x08001f58                HAL_RCC_OscConfig
 .text.HAL_RCC_ClockConfig
                0x08002448      0x1cc ./Drivers/STM32F4xx_HAL_Driver/Src/stm32f4xx_hal_rcc.o
                0x08002448                HAL_RCC_ClockConfig
 .text.HAL_RCC_GetSysClockFreq
                0x08002614      0x20c ./Drivers/STM32F4xx_HAL_Driver/Src/stm32f4xx_hal_rcc.o
                0x08002614                HAL_RCC_GetSysClockFreq
 .text.HAL_RCC_GetHCLKFreq
                0x08002820       0x18 ./Drivers/STM32F4xx_HAL_Driver/Src/stm32f4xx_hal_rcc.o
                0x08002820                HAL_RCC_GetHCLKFreq
 .text.HAL_RCC_GetPCLK1Freq
                0x08002838       0x28 ./Drivers/STM32F4xx_HAL_Driver/Src/stm32f4xx_hal_rcc.o
                0x08002838                HAL_RCC_GetPCLK1Freq
 .text.HAL_RCC_GetPCLK2Freq
                0x08002860       0x28 ./Drivers/STM32F4xx_HAL_Driver/Src/stm32f4xx_hal_rcc.o
                0x08002860                HAL_RCC_GetPCLK2Freq
 .text.HAL_RCC_GetClockConfig
                0x08002888       0x64 ./Drivers/STM32F4xx_HAL_Driver/Src/stm32f4xx_hal_rcc.o
                0x08002888                HAL_RCC_GetClockConfig
 .text.HAL_TIM_Base_Init
                0x080028ec       0x9e ./Drivers/STM32F4xx_HAL_Driver/Src/stm32f4xx_hal_tim.o
                0x080028ec                HAL_TIM_Base_Init
 *fill*         0x0800298a        0x2 
 .text.HAL_TIM_Base_Start_IT
                0x0800298c       0xc4 ./Drivers/STM32F4xx_HAL_Driver/Src/stm32f4xx_hal_tim.o
                0x0800298c                HAL_TIM_Base_Start_IT
 .text.HAL_TIM_PWM_Init
                0x08002a50       0x9e ./Drivers/STM32F4xx_HAL_Driver/Src/stm32f4xx_hal_tim.o
                0x08002a50                HAL_TIM_PWM_Init
 *fill*         0x08002aee        0x2 
 .text.HAL_TIM_PWM_Start
                0x08002af0      0x160 ./Drivers/STM32F4xx_HAL_Driver/Src/stm32f4xx_hal_tim.o
                0x08002af0                HAL_TIM_PWM_Start
 .text.HAL_TIM_IC_Init
                0x08002c50       0x9e ./Drivers/STM32F4xx_HAL_Driver/Src/stm32f4xx_hal_tim.o
                0x08002c50                HAL_TIM_IC_Init
 .text.HAL_TIM_IC_MspInit
                0x08002cee       0x14 ./Drivers/STM32F4xx_HAL_Driver/Src/stm32f4xx_hal_tim.o
                0x08002cee                HAL_TIM_IC_MspInit
 *fill*         0x08002d02        0x2 
 .text.HAL_TIM_IC_Start_IT
                0x08002d04      0x234 ./Drivers/STM32F4xx_HAL_Driver/Src/stm32f4xx_hal_tim.o
                0x08002d04                HAL_TIM_IC_Start_IT
 .text.HAL_TIM_IRQHandler
                0x08002f38      0x1e0 ./Drivers/STM32F4xx_HAL_Driver/Src/stm32f4xx_hal_tim.o
                0x08002f38                HAL_TIM_IRQHandler
 .text.HAL_TIM_IC_ConfigChannel
                0x08003118      0x138 ./Drivers/STM32F4xx_HAL_Driver/Src/stm32f4xx_hal_tim.o
                0x08003118                HAL_TIM_IC_ConfigChannel
 .text.HAL_TIM_PWM_ConfigChannel
                0x08003250      0x184 ./Drivers/STM32F4xx_HAL_Driver/Src/stm32f4xx_hal_tim.o
                0x08003250                HAL_TIM_PWM_ConfigChannel
 .text.HAL_TIM_ConfigClockSource
                0x080033d4      0x18e ./Drivers/STM32F4xx_HAL_Driver/Src/stm32f4xx_hal_tim.o
                0x080033d4                HAL_TIM_ConfigClockSource
 *fill*         0x08003562        0x2 
 .text.HAL_TIM_ReadCapturedValue
                0x08003564       0x88 ./Drivers/STM32F4xx_HAL_Driver/Src/stm32f4xx_hal_tim.o
                0x08003564                HAL_TIM_ReadCapturedValue
 .text.HAL_TIM_OC_DelayElapsedCallback
                0x080035ec       0x14 ./Drivers/STM32F4xx_HAL_Driver/Src/stm32f4xx_hal_tim.o
                0x080035ec                HAL_TIM_OC_DelayElapsedCallback
 .text.HAL_TIM_PWM_PulseFinishedCallback
                0x08003600       0x14 ./Drivers/STM32F4xx_HAL_Driver/Src/stm32f4xx_hal_tim.o
                0x08003600                HAL_TIM_PWM_PulseFinishedCallback
 .text.HAL_TIM_TriggerCallback
                0x08003614       0x14 ./Drivers/STM32F4xx_HAL_Driver/Src/stm32f4xx_hal_tim.o
                0x08003614                HAL_TIM_TriggerCallback
 .text.TIM_Base_SetConfig
                0x08003628      0x118 ./Drivers/STM32F4xx_HAL_Driver/Src/stm32f4xx_hal_tim.o
                0x08003628                TIM_Base_SetConfig
 .text.TIM_OC1_SetConfig
                0x08003740       0xcc ./Drivers/STM32F4xx_HAL_Driver/Src/stm32f4xx_hal_tim.o
 .text.TIM_OC2_SetConfig
                0x0800380c       0xd8 ./Drivers/STM32F4xx_HAL_Driver/Src/stm32f4xx_hal_tim.o
                0x0800380c                TIM_OC2_SetConfig
 .text.TIM_OC3_SetConfig
                0x080038e4       0xd4 ./Drivers/STM32F4xx_HAL_Driver/Src/stm32f4xx_hal_tim.o
 .text.TIM_OC4_SetConfig
                0x080039b8       0xa0 ./Drivers/STM32F4xx_HAL_Driver/Src/stm32f4xx_hal_tim.o
 .text.TIM_TI1_SetConfig
                0x08003a58       0xd0 ./Drivers/STM32F4xx_HAL_Driver/Src/stm32f4xx_hal_tim.o
                0x08003a58                TIM_TI1_SetConfig
 .text.TIM_TI1_ConfigInputStage
                0x08003b28       0x5e ./Drivers/STM32F4xx_HAL_Driver/Src/stm32f4xx_hal_tim.o
 .text.TIM_TI2_SetConfig
                0x08003b86       0x7a ./Drivers/STM32F4xx_HAL_Driver/Src/stm32f4xx_hal_tim.o
 .text.TIM_TI2_ConfigInputStage
                0x08003c00       0x60 ./Drivers/STM32F4xx_HAL_Driver/Src/stm32f4xx_hal_tim.o
 .text.TIM_TI3_SetConfig
                0x08003c60       0x78 ./Drivers/STM32F4xx_HAL_Driver/Src/stm32f4xx_hal_tim.o
 .text.TIM_TI4_SetConfig
                0x08003cd8       0x7a ./Drivers/STM32F4xx_HAL_Driver/Src/stm32f4xx_hal_tim.o
 .text.TIM_ITRx_SetConfig
                0x08003d52       0x36 ./Drivers/STM32F4xx_HAL_Driver/Src/stm32f4xx_hal_tim.o
 .text.TIM_ETR_SetConfig
                0x08003d88       0x40 ./Drivers/STM32F4xx_HAL_Driver/Src/stm32f4xx_hal_tim.o
                0x08003d88                TIM_ETR_SetConfig
 .text.TIM_CCxChannelCmd
                0x08003dc8       0x4a ./Drivers/STM32F4xx_HAL_Driver/Src/stm32f4xx_hal_tim.o
                0x08003dc8                TIM_CCxChannelCmd
 *fill*         0x08003e12        0x2 
 .text.HAL_TIMEx_MasterConfigSynchronization
                0x08003e14       0xdc ./Drivers/STM32F4xx_HAL_Driver/Src/stm32f4xx_hal_tim_ex.o
                0x08003e14                HAL_TIMEx_MasterConfigSynchronization
 .text.HAL_TIMEx_CommutCallback
                0x08003ef0       0x14 ./Drivers/STM32F4xx_HAL_Driver/Src/stm32f4xx_hal_tim_ex.o
                0x08003ef0                HAL_TIMEx_CommutCallback
 .text.HAL_TIMEx_BreakCallback
                0x08003f04       0x14 ./Drivers/STM32F4xx_HAL_Driver/Src/stm32f4xx_hal_tim_ex.o
                0x08003f04                HAL_TIMEx_BreakCallback
 .text.HAL_UART_Init
                0x08003f18       0xa0 ./Drivers/STM32F4xx_HAL_Driver/Src/stm32f4xx_hal_uart.o
                0x08003f18                HAL_UART_Init
 .text.HAL_UART_Receive_IT
                0x08003fb8       0x4a ./Drivers/STM32F4xx_HAL_Driver/Src/stm32f4xx_hal_uart.o
                0x08003fb8                HAL_UART_Receive_IT
 *fill*         0x08004002        0x2 
 .text.HAL_UART_IRQHandler
                0x08004004      0x524 ./Drivers/STM32F4xx_HAL_Driver/Src/stm32f4xx_hal_uart.o
                0x08004004                HAL_UART_IRQHandler
 .text.HAL_UART_TxCpltCallback
                0x08004528       0x14 ./Drivers/STM32F4xx_HAL_Driver/Src/stm32f4xx_hal_uart.o
                0x08004528                HAL_UART_TxCpltCallback
 .text.HAL_UART_ErrorCallback
                0x0800453c       0x14 ./Drivers/STM32F4xx_HAL_Driver/Src/stm32f4xx_hal_uart.o
                0x0800453c                HAL_UART_ErrorCallback
 .text.HAL_UARTEx_RxEventCallback
                0x08004550       0x18 ./Drivers/STM32F4xx_HAL_Driver/Src/stm32f4xx_hal_uart.o
                0x08004550                HAL_UARTEx_RxEventCallback
 .text.UART_Start_Receive_IT
                0x08004568       0x74 ./Drivers/STM32F4xx_HAL_Driver/Src/stm32f4xx_hal_uart.o
                0x08004568                UART_Start_Receive_IT
 .text.UART_EndRxTransfer
                0x080045dc       0xc6 ./Drivers/STM32F4xx_HAL_Driver/Src/stm32f4xx_hal_uart.o
 .text.UART_DMAAbortOnError
                0x080046a2       0x28 ./Drivers/STM32F4xx_HAL_Driver/Src/stm32f4xx_hal_uart.o
 .text.UART_Transmit_IT
                0x080046ca       0xa0 ./Drivers/STM32F4xx_HAL_Driver/Src/stm32f4xx_hal_uart.o
 .text.UART_EndTransmit_IT
                0x0800476a       0x30 ./Drivers/STM32F4xx_HAL_Driver/Src/stm32f4xx_hal_uart.o
 .text.UART_Receive_IT
                0x0800479a      0x17c ./Drivers/STM32F4xx_HAL_Driver/Src/stm32f4xx_hal_uart.o
 *fill*         0x08004916        0x2 
 .text.UART_SetConfig
                0x08004918      0x4e8 ./Drivers/STM32F4xx_HAL_Driver/Src/stm32f4xx_hal_uart.o
 .text.__NVIC_SetPriority
                0x08004e00       0x54 ./Middlewares/Third_Party/FreeRTOS/Source/CMSIS_RTOS_V2/cmsis_os2.o
 .text.SysTick_Handler
                0x08004e54       0x20 ./Middlewares/Third_Party/FreeRTOS/Source/CMSIS_RTOS_V2/cmsis_os2.o
                0x08004e54                SysTick_Handler
 .text.SVC_Setup
                0x08004e74       0x12 ./Middlewares/Third_Party/FreeRTOS/Source/CMSIS_RTOS_V2/cmsis_os2.o
 *fill*         0x08004e86        0x2 
 .text.osKernelInitialize
                0x08004e88       0x48 ./Middlewares/Third_Party/FreeRTOS/Source/CMSIS_RTOS_V2/cmsis_os2.o
                0x08004e88                osKernelInitialize
 .text.osKernelStart
                0x08004ed0       0x4c ./Middlewares/Third_Party/FreeRTOS/Source/CMSIS_RTOS_V2/cmsis_os2.o
                0x08004ed0                osKernelStart
 .text.osThreadNew
                0x08004f1c      0x124 ./Middlewares/Third_Party/FreeRTOS/Source/CMSIS_RTOS_V2/cmsis_os2.o
                0x08004f1c                osThreadNew
 .text.osDelay  0x08005040       0x36 ./Middlewares/Third_Party/FreeRTOS/Source/CMSIS_RTOS_V2/cmsis_os2.o
                0x08005040                osDelay
 *fill*         0x08005076        0x2 
 .text.vApplicationGetIdleTaskMemory
                0x08005078       0x34 ./Middlewares/Third_Party/FreeRTOS/Source/CMSIS_RTOS_V2/cmsis_os2.o
                0x08005078                vApplicationGetIdleTaskMemory
 .text.vApplicationGetTimerTaskMemory
                0x080050ac       0x34 ./Middlewares/Third_Party/FreeRTOS/Source/CMSIS_RTOS_V2/cmsis_os2.o
                0x080050ac                vApplicationGetTimerTaskMemory
 .text.vListInitialise
                0x080050e0       0x40 ./Middlewares/Third_Party/FreeRTOS/Source/list.o
                0x080050e0                vListInitialise
 .text.vListInitialiseItem
                0x08005120       0x1a ./Middlewares/Third_Party/FreeRTOS/Source/list.o
                0x08005120                vListInitialiseItem
 .text.vListInsertEnd
                0x0800513a       0x48 ./Middlewares/Third_Party/FreeRTOS/Source/list.o
                0x0800513a                vListInsertEnd
 .text.vListInsert
                0x08005182       0x72 ./Middlewares/Third_Party/FreeRTOS/Source/list.o
                0x08005182                vListInsert
 .text.uxListRemove
                0x080051f4       0x54 ./Middlewares/Third_Party/FreeRTOS/Source/list.o
                0x080051f4                uxListRemove
 .text.xQueueGenericReset
                0x08005248       0xd4 ./Middlewares/Third_Party/FreeRTOS/Source/queue.o
                0x08005248                xQueueGenericReset
 .text.xQueueGenericCreateStatic
                0x0800531c       0xfa ./Middlewares/Third_Party/FreeRTOS/Source/queue.o
                0x0800531c                xQueueGenericCreateStatic
 .text.prvInitialiseNewQueue
                0x08005416       0x46 ./Middlewares/Third_Party/FreeRTOS/Source/queue.o
 .text.xQueueGenericSend
                0x0800545c      0x204 ./Middlewares/Third_Party/FreeRTOS/Source/queue.o
                0x0800545c                xQueueGenericSend
 .text.xQueueGenericSendFromISR
                0x08005660      0x13c ./Middlewares/Third_Party/FreeRTOS/Source/queue.o
                0x08005660                xQueueGenericSendFromISR
 .text.xQueueReceive
                0x0800579c      0x1c4 ./Middlewares/Third_Party/FreeRTOS/Source/queue.o
                0x0800579c                xQueueReceive
 .text.prvCopyDataToQueue
                0x08005960       0xd4 ./Middlewares/Third_Party/FreeRTOS/Source/queue.o
 .text.prvCopyDataFromQueue
                0x08005a34       0x4c ./Middlewares/Third_Party/FreeRTOS/Source/queue.o
 .text.prvUnlockQueue
                0x08005a80       0xa4 ./Middlewares/Third_Party/FreeRTOS/Source/queue.o
 .text.prvIsQueueEmpty
                0x08005b24       0x2c ./Middlewares/Third_Party/FreeRTOS/Source/queue.o
 .text.prvIsQueueFull
                0x08005b50       0x30 ./Middlewares/Third_Party/FreeRTOS/Source/queue.o
 .text.vQueueAddToRegistry
                0x08005b80       0x54 ./Middlewares/Third_Party/FreeRTOS/Source/queue.o
                0x08005b80                vQueueAddToRegistry
 .text.vQueueWaitForMessageRestricted
                0x08005bd4       0x68 ./Middlewares/Third_Party/FreeRTOS/Source/queue.o
                0x08005bd4                vQueueWaitForMessageRestricted
 .text.xTaskCreateStatic
                0x08005c3c       0xc0 ./Middlewares/Third_Party/FreeRTOS/Source/tasks.o
                0x08005c3c                xTaskCreateStatic
 .text.xTaskCreate
                0x08005cfc       0x8a ./Middlewares/Third_Party/FreeRTOS/Source/tasks.o
                0x08005cfc                xTaskCreate
 *fill*         0x08005d86        0x2 
 .text.prvInitialiseNewTask
                0x08005d88      0x150 ./Middlewares/Third_Party/FreeRTOS/Source/tasks.o
 .text.prvAddNewTaskToReadyList
                0x08005ed8       0xe0 ./Middlewares/Third_Party/FreeRTOS/Source/tasks.o
 .text.vTaskDelay
                0x08005fb8       0x6c ./Middlewares/Third_Party/FreeRTOS/Source/tasks.o
                0x08005fb8                vTaskDelay
 .text.vTaskStartScheduler
                0x08006024       0xe0 ./Middlewares/Third_Party/FreeRTOS/Source/tasks.o
                0x08006024                vTaskStartScheduler
 .text.vTaskSuspendAll
                0x08006104       0x1c ./Middlewares/Third_Party/FreeRTOS/Source/tasks.o
                0x08006104                vTaskSuspendAll
 .text.xTaskResumeAll
                0x08006120      0x13c ./Middlewares/Third_Party/FreeRTOS/Source/tasks.o
                0x08006120                xTaskResumeAll
 .text.xTaskGetTickCount
                0x0800625c       0x20 ./Middlewares/Third_Party/FreeRTOS/Source/tasks.o
                0x0800625c                xTaskGetTickCount
 .text.xTaskIncrementTick
                0x0800627c      0x174 ./Middlewares/Third_Party/FreeRTOS/Source/tasks.o
                0x0800627c                xTaskIncrementTick
 .text.vTaskSwitchContext
                0x080063f0       0xcc ./Middlewares/Third_Party/FreeRTOS/Source/tasks.o
                0x080063f0                vTaskSwitchContext
 .text.vTaskPlaceOnEventList
                0x080064bc       0x4c ./Middlewares/Third_Party/FreeRTOS/Source/tasks.o
                0x080064bc                vTaskPlaceOnEventList
 .text.vTaskPlaceOnEventListRestricted
                0x08006508       0x58 ./Middlewares/Third_Party/FreeRTOS/Source/tasks.o
                0x08006508                vTaskPlaceOnEventListRestricted
 .text.xTaskRemoveFromEventList
                0x08006560       0xc8 ./Middlewares/Third_Party/FreeRTOS/Source/tasks.o
                0x08006560                xTaskRemoveFromEventList
 .text.vTaskInternalSetTimeOutState
                0x08006628       0x2c ./Middlewares/Third_Party/FreeRTOS/Source/tasks.o
                0x08006628                vTaskInternalSetTimeOutState
 .text.xTaskCheckForTimeOut
                0x08006654       0xc8 ./Middlewares/Third_Party/FreeRTOS/Source/tasks.o
                0x08006654                xTaskCheckForTimeOut
 .text.vTaskMissedYield
                0x0800671c       0x18 ./Middlewares/Third_Party/FreeRTOS/Source/tasks.o
                0x0800671c                vTaskMissedYield
 .text.prvIdleTask
                0x08006734       0x30 ./Middlewares/Third_Party/FreeRTOS/Source/tasks.o
 .text.prvInitialiseTaskLists
                0x08006764       0x80 ./Middlewares/Third_Party/FreeRTOS/Source/tasks.o
 .text.prvCheckTasksWaitingTermination
                0x080067e4       0x5c ./Middlewares/Third_Party/FreeRTOS/Source/tasks.o
 .text.prvDeleteTCB
                0x08006840       0x6a ./Middlewares/Third_Party/FreeRTOS/Source/tasks.o
 *fill*         0x080068aa        0x2 
 .text.prvResetNextTaskUnblockTime
                0x080068ac       0x40 ./Middlewares/Third_Party/FreeRTOS/Source/tasks.o
 .text.xTaskGetSchedulerState
                0x080068ec       0x3c ./Middlewares/Third_Party/FreeRTOS/Source/tasks.o
                0x080068ec                xTaskGetSchedulerState
 .text.xTaskPriorityDisinherit
                0x08006928       0xe0 ./Middlewares/Third_Party/FreeRTOS/Source/tasks.o
                0x08006928                xTaskPriorityDisinherit
 .text.prvAddCurrentTaskToDelayedList
                0x08006a08       0xa8 ./Middlewares/Third_Party/FreeRTOS/Source/tasks.o
 .text.xTimerCreateTimerTask
                0x08006ab0       0x94 ./Middlewares/Third_Party/FreeRTOS/Source/timers.o
                0x08006ab0                xTimerCreateTimerTask
 .text.xTimerGenericCommand
                0x08006b44       0x9c ./Middlewares/Third_Party/FreeRTOS/Source/timers.o
                0x08006b44                xTimerGenericCommand
 .text.prvProcessExpiredTimer
                0x08006be0       0x9c ./Middlewares/Third_Party/FreeRTOS/Source/timers.o
 .text.prvTimerTask
                0x08006c7c       0x26 ./Middlewares/Third_Party/FreeRTOS/Source/timers.o
 *fill*         0x08006ca2        0x2 
 .text.prvProcessTimerOrBlockTask
                0x08006ca4       0x9c ./Middlewares/Third_Party/FreeRTOS/Source/timers.o
 .text.prvGetNextExpireTime
                0x08006d40       0x48 ./Middlewares/Third_Party/FreeRTOS/Source/timers.o
 .text.prvSampleTimeNow
                0x08006d88       0x40 ./Middlewares/Third_Party/FreeRTOS/Source/timers.o
 .text.prvInsertTimerInActiveList
                0x08006dc8       0x84 ./Middlewares/Third_Party/FreeRTOS/Source/timers.o
 .text.prvProcessReceivedCommands
                0x08006e4c      0x1cc ./Middlewares/Third_Party/FreeRTOS/Source/timers.o
 .text.prvSwitchTimerLists
                0x08007018       0xcc ./Middlewares/Third_Party/FreeRTOS/Source/timers.o
 .text.prvCheckForValidListAndQueue
                0x080070e4       0x80 ./Middlewares/Third_Party/FreeRTOS/Source/timers.o
 .text.pxPortInitialiseStack
                0x08007164       0x68 ./Middlewares/Third_Party/FreeRTOS/Source/portable/GCC/ARM_CM4F/port.o
                0x08007164                pxPortInitialiseStack
 .text.prvTaskExitError
                0x080071cc       0x5c ./Middlewares/Third_Party/FreeRTOS/Source/portable/GCC/ARM_CM4F/port.o
 *fill*         0x08007228        0x8 
 .text.SVC_Handler
                0x08007230       0x28 ./Middlewares/Third_Party/FreeRTOS/Source/portable/GCC/ARM_CM4F/port.o
                0x08007230                SVC_Handler
 .text.prvPortStartFirstTask
                0x08007258       0x28 ./Middlewares/Third_Party/FreeRTOS/Source/portable/GCC/ARM_CM4F/port.o
 .text.xPortStartScheduler
                0x08007280      0x148 ./Middlewares/Third_Party/FreeRTOS/Source/portable/GCC/ARM_CM4F/port.o
                0x08007280                xPortStartScheduler
 .text.vPortEnterCritical
                0x080073c8       0x64 ./Middlewares/Third_Party/FreeRTOS/Source/portable/GCC/ARM_CM4F/port.o
                0x080073c8                vPortEnterCritical
 .text.vPortExitCritical
                0x0800742c       0x54 ./Middlewares/Third_Party/FreeRTOS/Source/portable/GCC/ARM_CM4F/port.o
                0x0800742c                vPortExitCritical
 .text.PendSV_Handler
                0x08007480       0x68 ./Middlewares/Third_Party/FreeRTOS/Source/portable/GCC/ARM_CM4F/port.o
                0x08007480                PendSV_Handler
 .text.xPortSysTickHandler
                0x080074e8       0x44 ./Middlewares/Third_Party/FreeRTOS/Source/portable/GCC/ARM_CM4F/port.o
                0x080074e8                xPortSysTickHandler
 .text.vPortSetupTimerInterrupt
                0x0800752c       0x48 ./Middlewares/Third_Party/FreeRTOS/Source/portable/GCC/ARM_CM4F/port.o
                0x0800752c                vPortSetupTimerInterrupt
 .text.vPortEnableVFP
                0x08007574       0x14 ./Middlewares/Third_Party/FreeRTOS/Source/portable/GCC/ARM_CM4F/port.o
 .text.vPortValidateInterruptPriority
                0x08007588       0x84 ./Middlewares/Third_Party/FreeRTOS/Source/portable/GCC/ARM_CM4F/port.o
                0x08007588                vPortValidateInterruptPriority
 .text.pvPortMalloc
                0x0800760c      0x19c ./Middlewares/Third_Party/FreeRTOS/Source/portable/MemMang/heap_4.o
                0x0800760c                pvPortMalloc
 .text.vPortFree
                0x080077a8       0xc8 ./Middlewares/Third_Party/FreeRTOS/Source/portable/MemMang/heap_4.o
                0x080077a8                vPortFree
 .text.prvHeapInit
                0x08007870       0xc4 ./Middlewares/Third_Party/FreeRTOS/Source/portable/MemMang/heap_4.o
 .text.prvInsertBlockIntoFreeList
                0x08007934       0xb4 ./Middlewares/Third_Party/FreeRTOS/Source/portable/MemMang/heap_4.o
 .text.memset   0x080079e8       0x10 C:/ST/STM32CubeIDE_1.13.0/STM32CubeIDE/plugins/com.st.stm32cube.ide.mcu.externaltools.gnu-tools-for-stm32.12.3.rel1.win32_1.0.200.202406191623/tools/bin/../lib/gcc/arm-none-eabi/12.3.1/../../../../arm-none-eabi/lib/thumb/v7e-m+fp/hard\libc_nano.a(libc_a-memset.o)
                0x080079e8                memset
 .text._reclaim_reent
                0x080079f8       0xac C:/ST/STM32CubeIDE_1.13.0/STM32CubeIDE/plugins/com.st.stm32cube.ide.mcu.externaltools.gnu-tools-for-stm32.12.3.rel1.win32_1.0.200.202406191623/tools/bin/../lib/gcc/arm-none-eabi/12.3.1/../../../../arm-none-eabi/lib/thumb/v7e-m+fp/hard\libc_nano.a(libc_a-reent.o)
                0x080079f8                _reclaim_reent
 .text.__libc_init_array
                0x08007aa4       0x48 C:/ST/STM32CubeIDE_1.13.0/STM32CubeIDE/plugins/com.st.stm32cube.ide.mcu.externaltools.gnu-tools-for-stm32.12.3.rel1.win32_1.0.200.202406191623/tools/bin/../lib/gcc/arm-none-eabi/12.3.1/../../../../arm-none-eabi/lib/thumb/v7e-m+fp/hard\libc_nano.a(libc_a-init.o)
                0x08007aa4                __libc_init_array
 .text.__retarget_lock_acquire_recursive
                0x08007aec        0x2 C:/ST/STM32CubeIDE_1.13.0/STM32CubeIDE/plugins/com.st.stm32cube.ide.mcu.externaltools.gnu-tools-for-stm32.12.3.rel1.win32_1.0.200.202406191623/tools/bin/../lib/gcc/arm-none-eabi/12.3.1/../../../../arm-none-eabi/lib/thumb/v7e-m+fp/hard\libc_nano.a(libc_a-lock.o)
                0x08007aec                __retarget_lock_acquire_recursive
 .text.__retarget_lock_release_recursive
                0x08007aee        0x2 C:/ST/STM32CubeIDE_1.13.0/STM32CubeIDE/plugins/com.st.stm32cube.ide.mcu.externaltools.gnu-tools-for-stm32.12.3.rel1.win32_1.0.200.202406191623/tools/bin/../lib/gcc/arm-none-eabi/12.3.1/../../../../arm-none-eabi/lib/thumb/v7e-m+fp/hard\libc_nano.a(libc_a-lock.o)
                0x08007aee                __retarget_lock_release_recursive
 .text.memcpy   0x08007af0       0x1c C:/ST/STM32CubeIDE_1.13.0/STM32CubeIDE/plugins/com.st.stm32cube.ide.mcu.externaltools.gnu-tools-for-stm32.12.3.rel1.win32_1.0.200.202406191623/tools/bin/../lib/gcc/arm-none-eabi/12.3.1/../../../../arm-none-eabi/lib/thumb/v7e-m+fp/hard\libc_nano.a(libc_a-memcpy-stub.o)
                0x08007af0                memcpy
 .text._free_r  0x08007b0c       0x94 C:/ST/STM32CubeIDE_1.13.0/STM32CubeIDE/plugins/com.st.stm32cube.ide.mcu.externaltools.gnu-tools-for-stm32.12.3.rel1.win32_1.0.200.202406191623/tools/bin/../lib/gcc/arm-none-eabi/12.3.1/../../../../arm-none-eabi/lib/thumb/v7e-m+fp/hard\libc_nano.a(libc_a-freer.o)
                0x08007b0c                _free_r
 .text.__malloc_lock
                0x08007ba0        0xc C:/ST/STM32CubeIDE_1.13.0/STM32CubeIDE/plugins/com.st.stm32cube.ide.mcu.externaltools.gnu-tools-for-stm32.12.3.rel1.win32_1.0.200.202406191623/tools/bin/../lib/gcc/arm-none-eabi/12.3.1/../../../../arm-none-eabi/lib/thumb/v7e-m+fp/hard\libc_nano.a(libc_a-mlock.o)
                0x08007ba0                __malloc_lock
 .text.__malloc_unlock
                0x08007bac        0xc C:/ST/STM32CubeIDE_1.13.0/STM32CubeIDE/plugins/com.st.stm32cube.ide.mcu.externaltools.gnu-tools-for-stm32.12.3.rel1.win32_1.0.200.202406191623/tools/bin/../lib/gcc/arm-none-eabi/12.3.1/../../../../arm-none-eabi/lib/thumb/v7e-m+fp/hard\libc_nano.a(libc_a-mlock.o)
                0x08007bac                __malloc_unlock
 *(.glue_7)
 .glue_7        0x08007bb8        0x0 linker stubs
 *(.glue_7t)
 .glue_7t       0x08007bb8        0x0 linker stubs
 *(.eh_frame)
 .eh_frame      0x08007bb8        0x0 C:/ST/STM32CubeIDE_1.13.0/STM32CubeIDE/plugins/com.st.stm32cube.ide.mcu.externaltools.gnu-tools-for-stm32.12.3.rel1.win32_1.0.200.202406191623/tools/bin/../lib/gcc/arm-none-eabi/12.3.1/thumb/v7e-m+fp/hard/crtbegin.o
 *(.init)
 .init          0x08007bb8        0x4 C:/ST/STM32CubeIDE_1.13.0/STM32CubeIDE/plugins/com.st.stm32cube.ide.mcu.externaltools.gnu-tools-for-stm32.12.3.rel1.win32_1.0.200.202406191623/tools/bin/../lib/gcc/arm-none-eabi/12.3.1/thumb/v7e-m+fp/hard/crti.o
                0x08007bb8                _init
 .init          0x08007bbc        0x8 C:/ST/STM32CubeIDE_1.13.0/STM32CubeIDE/plugins/com.st.stm32cube.ide.mcu.externaltools.gnu-tools-for-stm32.12.3.rel1.win32_1.0.200.202406191623/tools/bin/../lib/gcc/arm-none-eabi/12.3.1/thumb/v7e-m+fp/hard/crtn.o
 *(.fini)
 .fini          0x08007bc4        0x4 C:/ST/STM32CubeIDE_1.13.0/STM32CubeIDE/plugins/com.st.stm32cube.ide.mcu.externaltools.gnu-tools-for-stm32.12.3.rel1.win32_1.0.200.202406191623/tools/bin/../lib/gcc/arm-none-eabi/12.3.1/thumb/v7e-m+fp/hard/crti.o
                0x08007bc4                _fini
 .fini          0x08007bc8        0x8 C:/ST/STM32CubeIDE_1.13.0/STM32CubeIDE/plugins/com.st.stm32cube.ide.mcu.externaltools.gnu-tools-for-stm32.12.3.rel1.win32_1.0.200.202406191623/tools/bin/../lib/gcc/arm-none-eabi/12.3.1/thumb/v7e-m+fp/hard/crtn.o
                0x08007bd0                        . = ALIGN (0x4)
                0x08007bd0                        _etext = .

.vfp11_veneer   0x08007bd0        0x0
 .vfp11_veneer  0x08007bd0        0x0 linker stubs

.v4_bx          0x08007bd0        0x0
 .v4_bx         0x08007bd0        0x0 linker stubs

.iplt           0x08007bd0        0x0
 .iplt          0x08007bd0        0x0 C:/ST/STM32CubeIDE_1.13.0/STM32CubeIDE/plugins/com.st.stm32cube.ide.mcu.externaltools.gnu-tools-for-stm32.12.3.rel1.win32_1.0.200.202406191623/tools/bin/../lib/gcc/arm-none-eabi/12.3.1/thumb/v7e-m+fp/hard/crtbegin.o

.rodata         0x08007bd0       0xf0
                0x08007bd0                        . = ALIGN (0x4)
 *(.rodata)
 .rodata        0x08007bd0       0x2d ./Core/Src/freertos.o
 *fill*         0x08007bfd        0x3 
 .rodata        0x08007c00        0x5 ./Middlewares/Third_Party/FreeRTOS/Source/tasks.o
 *fill*         0x08007c05        0x3 
 .rodata        0x08007c08        0xd ./Middlewares/Third_Party/FreeRTOS/Source/timers.o
 *(.rodata*)
 *fill*         0x08007c15        0x3 
 .rodata.defaultTask_attributes
                0x08007c18       0x24 ./Core/Src/freertos.o
                0x08007c18                defaultTask_attributes
 .rodata.myTask02_attributes
                0x08007c3c       0x24 ./Core/Src/freertos.o
                0x08007c3c                myTask02_attributes
 .rodata.myTask03_attributes
                0x08007c60       0x24 ./Core/Src/freertos.o
                0x08007c60                myTask03_attributes
 .rodata.myTask04_attributes
                0x08007c84       0x24 ./Core/Src/freertos.o
                0x08007c84                myTask04_attributes
 .rodata.AHBPrescTable
                0x08007ca8       0x10 ./Core/Src/system_stm32f4xx.o
                0x08007ca8                AHBPrescTable
 .rodata.APBPrescTable
                0x08007cb8        0x8 ./Core/Src/system_stm32f4xx.o
                0x08007cb8                APBPrescTable
                0x08007cc0                        . = ALIGN (0x4)

.ARM.extab      0x08007cc0        0x0
                0x08007cc0                        . = ALIGN (0x4)
 *(.ARM.extab* .gnu.linkonce.armextab.*)
                0x08007cc0                        . = ALIGN (0x4)

.ARM            0x08007cc0        0x8
                0x08007cc0                        . = ALIGN (0x4)
                0x08007cc0                        __exidx_start = .
 *(.ARM.exidx*)
 .ARM.exidx     0x08007cc0        0x8 C:/ST/STM32CubeIDE_1.13.0/STM32CubeIDE/plugins/com.st.stm32cube.ide.mcu.externaltools.gnu-tools-for-stm32.12.3.rel1.win32_1.0.200.202406191623/tools/bin/../lib/gcc/arm-none-eabi/12.3.1/thumb/v7e-m+fp/hard\libgcc.a(_udivmoddi4.o)
                0x08007cc8                        __exidx_end = .
                0x08007cc8                        . = ALIGN (0x4)

.preinit_array  0x08007cc8        0x0
                0x08007cc8                        . = ALIGN (0x4)
                0x08007cc8                        PROVIDE (__preinit_array_start = .)
 *(.preinit_array*)
                0x08007cc8                        PROVIDE (__preinit_array_end = .)
                0x08007cc8                        . = ALIGN (0x4)

.init_array     0x08007cc8        0x4
                0x08007cc8                        . = ALIGN (0x4)
                0x08007cc8                        PROVIDE (__init_array_start = .)
 *(SORT_BY_NAME(.init_array.*))
 *(.init_array*)
 .init_array    0x08007cc8        0x4 C:/ST/STM32CubeIDE_1.13.0/STM32CubeIDE/plugins/com.st.stm32cube.ide.mcu.externaltools.gnu-tools-for-stm32.12.3.rel1.win32_1.0.200.202406191623/tools/bin/../lib/gcc/arm-none-eabi/12.3.1/thumb/v7e-m+fp/hard/crtbegin.o
                0x08007ccc                        PROVIDE (__init_array_end = .)
                0x08007ccc                        . = ALIGN (0x4)

.fini_array     0x08007ccc        0x4
                0x08007ccc                        . = ALIGN (0x4)
                [!provide]                        PROVIDE (__fini_array_start = .)
 *(SORT_BY_NAME(.fini_array.*))
 *(.fini_array*)
 .fini_array    0x08007ccc        0x4 C:/ST/STM32CubeIDE_1.13.0/STM32CubeIDE/plugins/com.st.stm32cube.ide.mcu.externaltools.gnu-tools-for-stm32.12.3.rel1.win32_1.0.200.202406191623/tools/bin/../lib/gcc/arm-none-eabi/12.3.1/thumb/v7e-m+fp/hard/crtbegin.o
                [!provide]                        PROVIDE (__fini_array_end = .)
                0x08007cd0                        . = ALIGN (0x4)
                0x08007cd0                        _sidata = LOADADDR (.data)

.rel.dyn        0x08007cd0        0x0
 .rel.iplt      0x08007cd0        0x0 C:/ST/STM32CubeIDE_1.13.0/STM32CubeIDE/plugins/com.st.stm32cube.ide.mcu.externaltools.gnu-tools-for-stm32.12.3.rel1.win32_1.0.200.202406191623/tools/bin/../lib/gcc/arm-none-eabi/12.3.1/thumb/v7e-m+fp/hard/crtbegin.o

.data           0x20000000       0x64 load address 0x08007cd0
                0x20000000                        . = ALIGN (0x4)
                0x20000000                        _sdata = .
 *(.data)
 *(.data*)
 .data.u_distance_c
                0x20000000        0x1 ./Core/Src/main.o
                0x20000000                u_distance_c
 .data.u_distance_r
                0x20000001        0x1 ./Core/Src/main.o
                0x20000001                u_distance_r
 .data.u_distance_l
                0x20000002        0x1 ./Core/Src/main.o
                0x20000002                u_distance_l
 *fill*         0x20000003        0x1 
 .data.SystemCoreClock
                0x20000004        0x4 ./Core/Src/system_stm32f4xx.o
                0x20000004                SystemCoreClock
 .data.uwTickPrio
                0x20000008        0x4 ./Drivers/STM32F4xx_HAL_Driver/Src/stm32f4xx_hal.o
                0x20000008                uwTickPrio
 .data.uwTickFreq
                0x2000000c        0x1 ./Drivers/STM32F4xx_HAL_Driver/Src/stm32f4xx_hal.o
                0x2000000c                uwTickFreq
 *fill*         0x2000000d        0x3 
 .data.uxCriticalNesting
                0x20000010        0x4 ./Middlewares/Third_Party/FreeRTOS/Source/portable/GCC/ARM_CM4F/port.o
 .data._impure_ptr
                0x20000014        0x4 C:/ST/STM32CubeIDE_1.13.0/STM32CubeIDE/plugins/com.st.stm32cube.ide.mcu.externaltools.gnu-tools-for-stm32.12.3.rel1.win32_1.0.200.202406191623/tools/bin/../lib/gcc/arm-none-eabi/12.3.1/../../../../arm-none-eabi/lib/thumb/v7e-m+fp/hard\libc_nano.a(libc_a-impure.o)
                0x20000014                _impure_ptr
 .data._impure_data
                0x20000018       0x4c C:/ST/STM32CubeIDE_1.13.0/STM32CubeIDE/plugins/com.st.stm32cube.ide.mcu.externaltools.gnu-tools-for-stm32.12.3.rel1.win32_1.0.200.202406191623/tools/bin/../lib/gcc/arm-none-eabi/12.3.1/../../../../arm-none-eabi/lib/thumb/v7e-m+fp/hard\libc_nano.a(libc_a-impure.o)
                0x20000018                _impure_data
 *(.RamFunc)
 *(.RamFunc*)
                0x20000064                        . = ALIGN (0x4)
                0x20000064                        _edata = .

.igot.plt       0x20000064        0x0 load address 0x08007d34
 .igot.plt      0x20000064        0x0 C:/ST/STM32CubeIDE_1.13.0/STM32CubeIDE/plugins/com.st.stm32cube.ide.mcu.externaltools.gnu-tools-for-stm32.12.3.rel1.win32_1.0.200.202406191623/tools/bin/../lib/gcc/arm-none-eabi/12.3.1/thumb/v7e-m+fp/hard/crtbegin.o
                0x20000064                        . = ALIGN (0x4)

.bss            0x20000064     0x4d24 load address 0x08007d34
                0x20000064                        _sbss = .
                0x20000064                        __bss_start__ = _sbss
 *(.bss)
 .bss           0x20000064       0x1c C:/ST/STM32CubeIDE_1.13.0/STM32CubeIDE/plugins/com.st.stm32cube.ide.mcu.externaltools.gnu-tools-for-stm32.12.3.rel1.win32_1.0.200.202406191623/tools/bin/../lib/gcc/arm-none-eabi/12.3.1/thumb/v7e-m+fp/hard/crtbegin.o
 *(.bss*)
 .bss.defaultTaskHandle
                0x20000080        0x4 ./Core/Src/freertos.o
                0x20000080                defaultTaskHandle
 .bss.myTask02Handle
                0x20000084        0x4 ./Core/Src/freertos.o
                0x20000084                myTask02Handle
 .bss.myTask03Handle
                0x20000088        0x4 ./Core/Src/freertos.o
                0x20000088                myTask03Handle
 .bss.myTask04Handle
                0x2000008c        0x4 ./Core/Src/freertos.o
                0x2000008c                myTask04Handle
 .bss.rxData    0x20000090        0x1 ./Core/Src/main.o
                0x20000090                rxData
 .bss.pwmFlag   0x20000091        0x1 ./Core/Src/main.o
                0x20000091                pwmFlag
 .bss.coner_f   0x20000092        0x1 ./Core/Src/moter.o
                0x20000092                coner_f
 *fill*         0x20000093        0x1 
 .bss.htim11    0x20000094       0x48 ./Core/Src/stm32f4xx_hal_timebase_tim.o
                0x20000094                htim11
 .bss.htim3     0x200000dc       0x48 ./Core/Src/tim.o
                0x200000dc                htim3
 .bss.htim4     0x20000124       0x48 ./Core/Src/tim.o
                0x20000124                htim4
 .bss.htim5     0x2000016c       0x48 ./Core/Src/tim.o
                0x2000016c                htim5
 .bss.htim10    0x200001b4       0x48 ./Core/Src/tim.o
                0x200001b4                htim10
 .bss.center_VALUE1
                0x200001fc        0x2 ./Core/Src/ultrasonic.o
                0x200001fc                center_VALUE1
 .bss.center_VALUE2
                0x200001fe        0x2 ./Core/Src/ultrasonic.o
                0x200001fe                center_VALUE2
 .bss.right_VALUE1
                0x20000200        0x2 ./Core/Src/ultrasonic.o
                0x20000200                right_VALUE1
 .bss.right_VALUE2
                0x20000202        0x2 ./Core/Src/ultrasonic.o
                0x20000202                right_VALUE2
 .bss.left_VALUE1
                0x20000204        0x2 ./Core/Src/ultrasonic.o
                0x20000204                left_VALUE1
 .bss.left_VALUE2
                0x20000206        0x2 ./Core/Src/ultrasonic.o
                0x20000206                left_VALUE2
 .bss.centerEcho
                0x20000208        0x2 ./Core/Src/ultrasonic.o
                0x20000208                centerEcho
 .bss.rightEcho
                0x2000020a        0x2 ./Core/Src/ultrasonic.o
                0x2000020a                rightEcho
 .bss.leftEcho  0x2000020c        0x2 ./Core/Src/ultrasonic.o
                0x2000020c                leftEcho
 .bss.centerFlag
                0x2000020e        0x1 ./Core/Src/ultrasonic.o
                0x2000020e                centerFlag
 .bss.rightFlag
                0x2000020f        0x1 ./Core/Src/ultrasonic.o
                0x2000020f                rightFlag
 .bss.leftFlag  0x20000210        0x1 ./Core/Src/ultrasonic.o
                0x20000210                leftFlag
 .bss.c_Distance
                0x20000211        0x1 ./Core/Src/ultrasonic.o
                0x20000211                c_Distance
 .bss.r_Distance
                0x20000212        0x1 ./Core/Src/ultrasonic.o
                0x20000212                r_Distance
 .bss.l_Distance
                0x20000213        0x1 ./Core/Src/ultrasonic.o
                0x20000213                l_Distance
 .bss.huart6    0x20000214       0x48 ./Core/Src/usart.o
                0x20000214                huart6
 .bss.uwTick    0x2000025c        0x4 ./Drivers/STM32F4xx_HAL_Driver/Src/stm32f4xx_hal.o
                0x2000025c                uwTick
 .bss.KernelState
                0x20000260        0x4 ./Middlewares/Third_Party/FreeRTOS/Source/CMSIS_RTOS_V2/cmsis_os2.o
 .bss.Idle_TCB.3
                0x20000264       0xa8 ./Middlewares/Third_Party/FreeRTOS/Source/CMSIS_RTOS_V2/cmsis_os2.o
 .bss.Idle_Stack.2
                0x2000030c      0x200 ./Middlewares/Third_Party/FreeRTOS/Source/CMSIS_RTOS_V2/cmsis_os2.o
 .bss.Timer_TCB.1
                0x2000050c       0xa8 ./Middlewares/Third_Party/FreeRTOS/Source/CMSIS_RTOS_V2/cmsis_os2.o
 .bss.Timer_Stack.0
                0x200005b4      0x400 ./Middlewares/Third_Party/FreeRTOS/Source/CMSIS_RTOS_V2/cmsis_os2.o
 .bss.xQueueRegistry
                0x200009b4       0x40 ./Middlewares/Third_Party/FreeRTOS/Source/queue.o
                0x200009b4                xQueueRegistry
 .bss.pxCurrentTCB
                0x200009f4        0x4 ./Middlewares/Third_Party/FreeRTOS/Source/tasks.o
                0x200009f4                pxCurrentTCB
 .bss.pxReadyTasksLists
                0x200009f8      0x460 ./Middlewares/Third_Party/FreeRTOS/Source/tasks.o
 .bss.xDelayedTaskList1
                0x20000e58       0x14 ./Middlewares/Third_Party/FreeRTOS/Source/tasks.o
 .bss.xDelayedTaskList2
                0x20000e6c       0x14 ./Middlewares/Third_Party/FreeRTOS/Source/tasks.o
 .bss.pxDelayedTaskList
                0x20000e80        0x4 ./Middlewares/Third_Party/FreeRTOS/Source/tasks.o
 .bss.pxOverflowDelayedTaskList
                0x20000e84        0x4 ./Middlewares/Third_Party/FreeRTOS/Source/tasks.o
 .bss.xPendingReadyList
                0x20000e88       0x14 ./Middlewares/Third_Party/FreeRTOS/Source/tasks.o
 .bss.xTasksWaitingTermination
                0x20000e9c       0x14 ./Middlewares/Third_Party/FreeRTOS/Source/tasks.o
 .bss.uxDeletedTasksWaitingCleanUp
                0x20000eb0        0x4 ./Middlewares/Third_Party/FreeRTOS/Source/tasks.o
 .bss.xSuspendedTaskList
                0x20000eb4       0x14 ./Middlewares/Third_Party/FreeRTOS/Source/tasks.o
 .bss.uxCurrentNumberOfTasks
                0x20000ec8        0x4 ./Middlewares/Third_Party/FreeRTOS/Source/tasks.o
 .bss.xTickCount
                0x20000ecc        0x4 ./Middlewares/Third_Party/FreeRTOS/Source/tasks.o
 .bss.uxTopReadyPriority
                0x20000ed0        0x4 ./Middlewares/Third_Party/FreeRTOS/Source/tasks.o
 .bss.xSchedulerRunning
                0x20000ed4        0x4 ./Middlewares/Third_Party/FreeRTOS/Source/tasks.o
 .bss.xPendedTicks
                0x20000ed8        0x4 ./Middlewares/Third_Party/FreeRTOS/Source/tasks.o
 .bss.xYieldPending
                0x20000edc        0x4 ./Middlewares/Third_Party/FreeRTOS/Source/tasks.o
 .bss.xNumOfOverflows
                0x20000ee0        0x4 ./Middlewares/Third_Party/FreeRTOS/Source/tasks.o
 .bss.uxTaskNumber
                0x20000ee4        0x4 ./Middlewares/Third_Party/FreeRTOS/Source/tasks.o
 .bss.xNextTaskUnblockTime
                0x20000ee8        0x4 ./Middlewares/Third_Party/FreeRTOS/Source/tasks.o
 .bss.xIdleTaskHandle
                0x20000eec        0x4 ./Middlewares/Third_Party/FreeRTOS/Source/tasks.o
 .bss.uxSchedulerSuspended
                0x20000ef0        0x4 ./Middlewares/Third_Party/FreeRTOS/Source/tasks.o
 .bss.xActiveTimerList1
                0x20000ef4       0x14 ./Middlewares/Third_Party/FreeRTOS/Source/timers.o
 .bss.xActiveTimerList2
                0x20000f08       0x14 ./Middlewares/Third_Party/FreeRTOS/Source/timers.o
 .bss.pxCurrentTimerList
                0x20000f1c        0x4 ./Middlewares/Third_Party/FreeRTOS/Source/timers.o
 .bss.pxOverflowTimerList
                0x20000f20        0x4 ./Middlewares/Third_Party/FreeRTOS/Source/timers.o
 .bss.xTimerQueue
                0x20000f24        0x4 ./Middlewares/Third_Party/FreeRTOS/Source/timers.o
 .bss.xTimerTaskHandle
                0x20000f28        0x4 ./Middlewares/Third_Party/FreeRTOS/Source/timers.o
 .bss.xLastTime.2
                0x20000f2c        0x4 ./Middlewares/Third_Party/FreeRTOS/Source/timers.o
 .bss.ucStaticTimerQueueStorage.1
                0x20000f30       0xa0 ./Middlewares/Third_Party/FreeRTOS/Source/timers.o
 .bss.xStaticTimerQueue.0
                0x20000fd0       0x50 ./Middlewares/Third_Party/FreeRTOS/Source/timers.o
 .bss.ucMaxSysCallPriority
                0x20001020        0x1 ./Middlewares/Third_Party/FreeRTOS/Source/portable/GCC/ARM_CM4F/port.o
 *fill*         0x20001021        0x3 
 .bss.ulMaxPRIGROUPValue
                0x20001024        0x4 ./Middlewares/Third_Party/FreeRTOS/Source/portable/GCC/ARM_CM4F/port.o
 .bss.ucHeap    0x20001028     0x3c00 ./Middlewares/Third_Party/FreeRTOS/Source/portable/MemMang/heap_4.o
 .bss.xStart    0x20004c28        0x8 ./Middlewares/Third_Party/FreeRTOS/Source/portable/MemMang/heap_4.o
 .bss.pxEnd     0x20004c30        0x4 ./Middlewares/Third_Party/FreeRTOS/Source/portable/MemMang/heap_4.o
 .bss.xFreeBytesRemaining
                0x20004c34        0x4 ./Middlewares/Third_Party/FreeRTOS/Source/portable/MemMang/heap_4.o
 .bss.xMinimumEverFreeBytesRemaining
                0x20004c38        0x4 ./Middlewares/Third_Party/FreeRTOS/Source/portable/MemMang/heap_4.o
 .bss.xNumberOfSuccessfulAllocations
                0x20004c3c        0x4 ./Middlewares/Third_Party/FreeRTOS/Source/portable/MemMang/heap_4.o
 .bss.xNumberOfSuccessfulFrees
                0x20004c40        0x4 ./Middlewares/Third_Party/FreeRTOS/Source/portable/MemMang/heap_4.o
 .bss.xBlockAllocatedBit
                0x20004c44        0x4 ./Middlewares/Third_Party/FreeRTOS/Source/portable/MemMang/heap_4.o
 .bss.__sf      0x20004c48      0x138 C:/ST/STM32CubeIDE_1.13.0/STM32CubeIDE/plugins/com.st.stm32cube.ide.mcu.externaltools.gnu-tools-for-stm32.12.3.rel1.win32_1.0.200.202406191623/tools/bin/../lib/gcc/arm-none-eabi/12.3.1/../../../../arm-none-eabi/lib/thumb/v7e-m+fp/hard\libc_nano.a(libc_a-findfp.o)
                0x20004c48                __sf
 .bss.__lock___malloc_recursive_mutex
                0x20004d80        0x1 C:/ST/STM32CubeIDE_1.13.0/STM32CubeIDE/plugins/com.st.stm32cube.ide.mcu.externaltools.gnu-tools-for-stm32.12.3.rel1.win32_1.0.200.202406191623/tools/bin/../lib/gcc/arm-none-eabi/12.3.1/../../../../arm-none-eabi/lib/thumb/v7e-m+fp/hard\libc_nano.a(libc_a-lock.o)
                0x20004d80                __lock___malloc_recursive_mutex
 *fill*         0x20004d81        0x3 
 .bss.__malloc_free_list
                0x20004d84        0x4 C:/ST/STM32CubeIDE_1.13.0/STM32CubeIDE/plugins/com.st.stm32cube.ide.mcu.externaltools.gnu-tools-for-stm32.12.3.rel1.win32_1.0.200.202406191623/tools/bin/../lib/gcc/arm-none-eabi/12.3.1/../../../../arm-none-eabi/lib/thumb/v7e-m+fp/hard\libc_nano.a(libc_a-mallocr.o)
                0x20004d84                __malloc_free_list
 *(COMMON)
                0x20004d88                        . = ALIGN (0x4)
                0x20004d88                        _ebss = .
                0x20004d88                        __bss_end__ = _ebss

._user_heap_stack
                0x20004d88      0x600 load address 0x08007d34
                0x20004d88                        . = ALIGN (0x8)
                [!provide]                        PROVIDE (end = .)
                0x20004d88                        PROVIDE (_end = .)
                0x20004f88                        . = (. + _Min_Heap_Size)
 *fill*         0x20004d88      0x200 
                0x20005388                        . = (. + _Min_Stack_Size)
 *fill*         0x20004f88      0x400 
                0x20005388                        . = ALIGN (0x8)

/DISCARD/
 libc.a(*)
 libm.a(*)
 libgcc.a(*)

.ARM.attributes
                0x00000000       0x30
 *(.ARM.attributes)
 .ARM.attributes
                0x00000000       0x22 C:/ST/STM32CubeIDE_1.13.0/STM32CubeIDE/plugins/com.st.stm32cube.ide.mcu.externaltools.gnu-tools-for-stm32.12.3.rel1.win32_1.0.200.202406191623/tools/bin/../lib/gcc/arm-none-eabi/12.3.1/thumb/v7e-m+fp/hard/crti.o
 .ARM.attributes
                0x00000022       0x34 C:/ST/STM32CubeIDE_1.13.0/STM32CubeIDE/plugins/com.st.stm32cube.ide.mcu.externaltools.gnu-tools-for-stm32.12.3.rel1.win32_1.0.200.202406191623/tools/bin/../lib/gcc/arm-none-eabi/12.3.1/thumb/v7e-m+fp/hard/crtbegin.o
 .ARM.attributes
                0x00000056       0x34 ./Core/Src/freertos.o
 .ARM.attributes
                0x0000008a       0x34 ./Core/Src/gpio.o
 .ARM.attributes
                0x000000be       0x34 ./Core/Src/main.o
 .ARM.attributes
                0x000000f2       0x34 ./Core/Src/moter.o
 .ARM.attributes
                0x00000126       0x34 ./Core/Src/stm32f4xx_hal_msp.o
 .ARM.attributes
                0x0000015a       0x34 ./Core/Src/stm32f4xx_hal_timebase_tim.o
 .ARM.attributes
                0x0000018e       0x34 ./Core/Src/stm32f4xx_it.o
 .ARM.attributes
                0x000001c2       0x34 ./Core/Src/system_stm32f4xx.o
 .ARM.attributes
                0x000001f6       0x34 ./Core/Src/tim.o
 .ARM.attributes
                0x0000022a       0x34 ./Core/Src/ultrasonic.o
 .ARM.attributes
                0x0000025e       0x34 ./Core/Src/usart.o
 .ARM.attributes
                0x00000292       0x21 ./Core/Startup/startup_stm32f411retx.o
 .ARM.attributes
                0x000002b3       0x34 ./Drivers/STM32F4xx_HAL_Driver/Src/stm32f4xx_hal.o
 .ARM.attributes
                0x000002e7       0x34 ./Drivers/STM32F4xx_HAL_Driver/Src/stm32f4xx_hal_cortex.o
 .ARM.attributes
                0x0000031b       0x34 ./Drivers/STM32F4xx_HAL_Driver/Src/stm32f4xx_hal_dma.o
 .ARM.attributes
                0x0000034f       0x34 ./Drivers/STM32F4xx_HAL_Driver/Src/stm32f4xx_hal_gpio.o
 .ARM.attributes
                0x00000383       0x34 ./Drivers/STM32F4xx_HAL_Driver/Src/stm32f4xx_hal_rcc.o
 .ARM.attributes
                0x000003b7       0x34 ./Drivers/STM32F4xx_HAL_Driver/Src/stm32f4xx_hal_tim.o
 .ARM.attributes
                0x000003eb       0x34 ./Drivers/STM32F4xx_HAL_Driver/Src/stm32f4xx_hal_tim_ex.o
 .ARM.attributes
                0x0000041f       0x34 ./Drivers/STM32F4xx_HAL_Driver/Src/stm32f4xx_hal_uart.o
 .ARM.attributes
                0x00000453       0x34 ./Middlewares/Third_Party/FreeRTOS/Source/CMSIS_RTOS_V2/cmsis_os2.o
 .ARM.attributes
                0x00000487       0x34 ./Middlewares/Third_Party/FreeRTOS/Source/list.o
 .ARM.attributes
                0x000004bb       0x34 ./Middlewares/Third_Party/FreeRTOS/Source/queue.o
 .ARM.attributes
                0x000004ef       0x34 ./Middlewares/Third_Party/FreeRTOS/Source/tasks.o
 .ARM.attributes
                0x00000523       0x34 ./Middlewares/Third_Party/FreeRTOS/Source/timers.o
 .ARM.attributes
                0x00000557       0x34 ./Middlewares/Third_Party/FreeRTOS/Source/portable/GCC/ARM_CM4F/port.o
 .ARM.attributes
                0x0000058b       0x34 ./Middlewares/Third_Party/FreeRTOS/Source/portable/MemMang/heap_4.o
 .ARM.attributes
                0x000005bf       0x34 C:/ST/STM32CubeIDE_1.13.0/STM32CubeIDE/plugins/com.st.stm32cube.ide.mcu.externaltools.gnu-tools-for-stm32.12.3.rel1.win32_1.0.200.202406191623/tools/bin/../lib/gcc/arm-none-eabi/12.3.1/../../../../arm-none-eabi/lib/thumb/v7e-m+fp/hard\libc_nano.a(libc_a-findfp.o)
 .ARM.attributes
                0x000005f3       0x34 C:/ST/STM32CubeIDE_1.13.0/STM32CubeIDE/plugins/com.st.stm32cube.ide.mcu.externaltools.gnu-tools-for-stm32.12.3.rel1.win32_1.0.200.202406191623/tools/bin/../lib/gcc/arm-none-eabi/12.3.1/../../../../arm-none-eabi/lib/thumb/v7e-m+fp/hard\libc_nano.a(libc_a-memset.o)
 .ARM.attributes
                0x00000627       0x34 C:/ST/STM32CubeIDE_1.13.0/STM32CubeIDE/plugins/com.st.stm32cube.ide.mcu.externaltools.gnu-tools-for-stm32.12.3.rel1.win32_1.0.200.202406191623/tools/bin/../lib/gcc/arm-none-eabi/12.3.1/../../../../arm-none-eabi/lib/thumb/v7e-m+fp/hard\libc_nano.a(libc_a-reent.o)
 .ARM.attributes
                0x0000065b       0x34 C:/ST/STM32CubeIDE_1.13.0/STM32CubeIDE/plugins/com.st.stm32cube.ide.mcu.externaltools.gnu-tools-for-stm32.12.3.rel1.win32_1.0.200.202406191623/tools/bin/../lib/gcc/arm-none-eabi/12.3.1/../../../../arm-none-eabi/lib/thumb/v7e-m+fp/hard\libc_nano.a(libc_a-impure.o)
 .ARM.attributes
                0x0000068f       0x34 C:/ST/STM32CubeIDE_1.13.0/STM32CubeIDE/plugins/com.st.stm32cube.ide.mcu.externaltools.gnu-tools-for-stm32.12.3.rel1.win32_1.0.200.202406191623/tools/bin/../lib/gcc/arm-none-eabi/12.3.1/../../../../arm-none-eabi/lib/thumb/v7e-m+fp/hard\libc_nano.a(libc_a-init.o)
 .ARM.attributes
                0x000006c3       0x34 C:/ST/STM32CubeIDE_1.13.0/STM32CubeIDE/plugins/com.st.stm32cube.ide.mcu.externaltools.gnu-tools-for-stm32.12.3.rel1.win32_1.0.200.202406191623/tools/bin/../lib/gcc/arm-none-eabi/12.3.1/../../../../arm-none-eabi/lib/thumb/v7e-m+fp/hard\libc_nano.a(libc_a-lock.o)
 .ARM.attributes
                0x000006f7       0x34 C:/ST/STM32CubeIDE_1.13.0/STM32CubeIDE/plugins/com.st.stm32cube.ide.mcu.externaltools.gnu-tools-for-stm32.12.3.rel1.win32_1.0.200.202406191623/tools/bin/../lib/gcc/arm-none-eabi/12.3.1/../../../../arm-none-eabi/lib/thumb/v7e-m+fp/hard\libc_nano.a(libc_a-memcpy-stub.o)
 .ARM.attributes
                0x0000072b       0x34 C:/ST/STM32CubeIDE_1.13.0/STM32CubeIDE/plugins/com.st.stm32cube.ide.mcu.externaltools.gnu-tools-for-stm32.12.3.rel1.win32_1.0.200.202406191623/tools/bin/../lib/gcc/arm-none-eabi/12.3.1/../../../../arm-none-eabi/lib/thumb/v7e-m+fp/hard\libc_nano.a(libc_a-freer.o)
 .ARM.attributes
                0x0000075f       0x34 C:/ST/STM32CubeIDE_1.13.0/STM32CubeIDE/plugins/com.st.stm32cube.ide.mcu.externaltools.gnu-tools-for-stm32.12.3.rel1.win32_1.0.200.202406191623/tools/bin/../lib/gcc/arm-none-eabi/12.3.1/../../../../arm-none-eabi/lib/thumb/v7e-m+fp/hard\libc_nano.a(libc_a-mallocr.o)
 .ARM.attributes
                0x00000793       0x34 C:/ST/STM32CubeIDE_1.13.0/STM32CubeIDE/plugins/com.st.stm32cube.ide.mcu.externaltools.gnu-tools-for-stm32.12.3.rel1.win32_1.0.200.202406191623/tools/bin/../lib/gcc/arm-none-eabi/12.3.1/../../../../arm-none-eabi/lib/thumb/v7e-m+fp/hard\libc_nano.a(libc_a-mlock.o)
 .ARM.attributes
                0x000007c7       0x22 C:/ST/STM32CubeIDE_1.13.0/STM32CubeIDE/plugins/com.st.stm32cube.ide.mcu.externaltools.gnu-tools-for-stm32.12.3.rel1.win32_1.0.200.202406191623/tools/bin/../lib/gcc/arm-none-eabi/12.3.1/thumb/v7e-m+fp/hard\libgcc.a(_aeabi_uldivmod.o)
 .ARM.attributes
                0x000007e9       0x34 C:/ST/STM32CubeIDE_1.13.0/STM32CubeIDE/plugins/com.st.stm32cube.ide.mcu.externaltools.gnu-tools-for-stm32.12.3.rel1.win32_1.0.200.202406191623/tools/bin/../lib/gcc/arm-none-eabi/12.3.1/thumb/v7e-m+fp/hard\libgcc.a(_udivmoddi4.o)
 .ARM.attributes
                0x0000081d       0x22 C:/ST/STM32CubeIDE_1.13.0/STM32CubeIDE/plugins/com.st.stm32cube.ide.mcu.externaltools.gnu-tools-for-stm32.12.3.rel1.win32_1.0.200.202406191623/tools/bin/../lib/gcc/arm-none-eabi/12.3.1/thumb/v7e-m+fp/hard\libgcc.a(_dvmd_tls.o)
 .ARM.attributes
                0x0000083f       0x22 C:/ST/STM32CubeIDE_1.13.0/STM32CubeIDE/plugins/com.st.stm32cube.ide.mcu.externaltools.gnu-tools-for-stm32.12.3.rel1.win32_1.0.200.202406191623/tools/bin/../lib/gcc/arm-none-eabi/12.3.1/thumb/v7e-m+fp/hard/crtn.o
OUTPUT(Auto_drive.elf elf32-littlearm)
LOAD linker stubs
LOAD C:/ST/STM32CubeIDE_1.13.0/STM32CubeIDE/plugins/com.st.stm32cube.ide.mcu.externaltools.gnu-tools-for-stm32.12.3.rel1.win32_1.0.200.202406191623/tools/bin/../lib/gcc/arm-none-eabi/12.3.1/../../../../arm-none-eabi/lib/thumb/v7e-m+fp/hard\libc.a
LOAD C:/ST/STM32CubeIDE_1.13.0/STM32CubeIDE/plugins/com.st.stm32cube.ide.mcu.externaltools.gnu-tools-for-stm32.12.3.rel1.win32_1.0.200.202406191623/tools/bin/../lib/gcc/arm-none-eabi/12.3.1/../../../../arm-none-eabi/lib/thumb/v7e-m+fp/hard\libm.a
LOAD C:/ST/STM32CubeIDE_1.13.0/STM32CubeIDE/plugins/com.st.stm32cube.ide.mcu.externaltools.gnu-tools-for-stm32.12.3.rel1.win32_1.0.200.202406191623/tools/bin/../lib/gcc/arm-none-eabi/12.3.1/thumb/v7e-m+fp/hard\libgcc.a

.debug_info     0x00000000    0x1ac5c
 .debug_info    0x00000000      0x4b1 ./Core/Src/freertos.o
 .debug_info    0x000004b1      0x433 ./Core/Src/gpio.o
 .debug_info    0x000008e4      0xed5 ./Core/Src/main.o
 .debug_info    0x000017b9      0x8bd ./Core/Src/moter.o
 .debug_info    0x00002076      0x44f ./Core/Src/stm32f4xx_hal_msp.o
 .debug_info    0x000024c5      0xb75 ./Core/Src/stm32f4xx_hal_timebase_tim.o
 .debug_info    0x0000303a      0x99d ./Core/Src/stm32f4xx_it.o
 .debug_info    0x000039d7      0x53e ./Core/Src/system_stm32f4xx.o
 .debug_info    0x00003f15     0x104f ./Core/Src/tim.o
 .debug_info    0x00004f64      0x8ca ./Core/Src/ultrasonic.o
 .debug_info    0x0000582e      0xb4a ./Core/Src/usart.o
 .debug_info    0x00006378       0x30 ./Core/Startup/startup_stm32f411retx.o
 .debug_info    0x000063a8      0x8c4 ./Drivers/STM32F4xx_HAL_Driver/Src/stm32f4xx_hal.o
 .debug_info    0x00006c6c      0xcfc ./Drivers/STM32F4xx_HAL_Driver/Src/stm32f4xx_hal_cortex.o
 .debug_info    0x00007968      0x8e6 ./Drivers/STM32F4xx_HAL_Driver/Src/stm32f4xx_hal_dma.o
 .debug_info    0x0000824e      0x6f9 ./Drivers/STM32F4xx_HAL_Driver/Src/stm32f4xx_hal_gpio.o
 .debug_info    0x00008947      0x8f0 ./Drivers/STM32F4xx_HAL_Driver/Src/stm32f4xx_hal_rcc.o
 .debug_info    0x00009237     0x2996 ./Drivers/STM32F4xx_HAL_Driver/Src/stm32f4xx_hal_tim.o
 .debug_info    0x0000bbcd     0x14d4 ./Drivers/STM32F4xx_HAL_Driver/Src/stm32f4xx_hal_tim_ex.o
 .debug_info    0x0000d0a1     0x2f56 ./Drivers/STM32F4xx_HAL_Driver/Src/stm32f4xx_hal_uart.o
 .debug_info    0x0000fff7     0x4079 ./Middlewares/Third_Party/FreeRTOS/Source/CMSIS_RTOS_V2/cmsis_os2.o
 .debug_info    0x00014070      0x2af ./Middlewares/Third_Party/FreeRTOS/Source/list.o
 .debug_info    0x0001431f     0x1b79 ./Middlewares/Third_Party/FreeRTOS/Source/queue.o
 .debug_info    0x00015e98     0x28c1 ./Middlewares/Third_Party/FreeRTOS/Source/tasks.o
 .debug_info    0x00018759     0x1b50 ./Middlewares/Third_Party/FreeRTOS/Source/timers.o
 .debug_info    0x0001a2a9      0x4de ./Middlewares/Third_Party/FreeRTOS/Source/portable/GCC/ARM_CM4F/port.o
 .debug_info    0x0001a787      0x4d5 ./Middlewares/Third_Party/FreeRTOS/Source/portable/MemMang/heap_4.o

.debug_abbrev   0x00000000     0x3dbc
 .debug_abbrev  0x00000000      0x15b ./Core/Src/freertos.o
 .debug_abbrev  0x0000015b      0x151 ./Core/Src/gpio.o
 .debug_abbrev  0x000002ac      0x29f ./Core/Src/main.o
 .debug_abbrev  0x0000054b      0x1e2 ./Core/Src/moter.o
 .debug_abbrev  0x0000072d      0x119 ./Core/Src/stm32f4xx_hal_msp.o
 .debug_abbrev  0x00000846      0x207 ./Core/Src/stm32f4xx_hal_timebase_tim.o
 .debug_abbrev  0x00000a4d      0x19c ./Core/Src/stm32f4xx_it.o
 .debug_abbrev  0x00000be9      0x11a ./Core/Src/system_stm32f4xx.o
 .debug_abbrev  0x00000d03      0x288 ./Core/Src/tim.o
 .debug_abbrev  0x00000f8b      0x1d6 ./Core/Src/ultrasonic.o
 .debug_abbrev  0x00001161      0x217 ./Core/Src/usart.o
 .debug_abbrev  0x00001378       0x24 ./Core/Startup/startup_stm32f411retx.o
 .debug_abbrev  0x0000139c      0x24b ./Drivers/STM32F4xx_HAL_Driver/Src/stm32f4xx_hal.o
 .debug_abbrev  0x000015e7      0x31d ./Drivers/STM32F4xx_HAL_Driver/Src/stm32f4xx_hal_cortex.o
 .debug_abbrev  0x00001904      0x221 ./Drivers/STM32F4xx_HAL_Driver/Src/stm32f4xx_hal_dma.o
 .debug_abbrev  0x00001b25      0x1d3 ./Drivers/STM32F4xx_HAL_Driver/Src/stm32f4xx_hal_gpio.o
 .debug_abbrev  0x00001cf8      0x2b6 ./Drivers/STM32F4xx_HAL_Driver/Src/stm32f4xx_hal_rcc.o
 .debug_abbrev  0x00001fae      0x28b ./Drivers/STM32F4xx_HAL_Driver/Src/stm32f4xx_hal_tim.o
 .debug_abbrev  0x00002239      0x296 ./Drivers/STM32F4xx_HAL_Driver/Src/stm32f4xx_hal_tim_ex.o
 .debug_abbrev  0x000024cf      0x31b ./Drivers/STM32F4xx_HAL_Driver/Src/stm32f4xx_hal_uart.o
 .debug_abbrev  0x000027ea      0x548 ./Middlewares/Third_Party/FreeRTOS/Source/CMSIS_RTOS_V2/cmsis_os2.o
 .debug_abbrev  0x00002d32       0xf5 ./Middlewares/Third_Party/FreeRTOS/Source/list.o
 .debug_abbrev  0x00002e27      0x3b6 ./Middlewares/Third_Party/FreeRTOS/Source/queue.o
 .debug_abbrev  0x000031dd      0x3fe ./Middlewares/Third_Party/FreeRTOS/Source/tasks.o
 .debug_abbrev  0x000035db      0x368 ./Middlewares/Third_Party/FreeRTOS/Source/timers.o
 .debug_abbrev  0x00003943      0x25c ./Middlewares/Third_Party/FreeRTOS/Source/portable/GCC/ARM_CM4F/port.o
 .debug_abbrev  0x00003b9f      0x21d ./Middlewares/Third_Party/FreeRTOS/Source/portable/MemMang/heap_4.o

.debug_aranges  0x00000000     0x15c8
 .debug_aranges
                0x00000000       0x40 ./Core/Src/freertos.o
 .debug_aranges
                0x00000040       0x20 ./Core/Src/gpio.o
 .debug_aranges
                0x00000060       0x40 ./Core/Src/main.o
 .debug_aranges
                0x000000a0       0x68 ./Core/Src/moter.o
 .debug_aranges
                0x00000108       0x20 ./Core/Src/stm32f4xx_hal_msp.o
 .debug_aranges
                0x00000128       0x30 ./Core/Src/stm32f4xx_hal_timebase_tim.o
 .debug_aranges
                0x00000158       0x70 ./Core/Src/stm32f4xx_it.o
 .debug_aranges
                0x000001c8       0x28 ./Core/Src/system_stm32f4xx.o
 .debug_aranges
                0x000001f0       0x60 ./Core/Src/tim.o
 .debug_aranges
                0x00000250       0x38 ./Core/Src/ultrasonic.o
 .debug_aranges
                0x00000288       0x30 ./Core/Src/usart.o
 .debug_aranges
                0x000002b8       0x28 ./Core/Startup/startup_stm32f411retx.o
 .debug_aranges
                0x000002e0       0xf0 ./Drivers/STM32F4xx_HAL_Driver/Src/stm32f4xx_hal.o
 .debug_aranges
                0x000003d0      0x130 ./Drivers/STM32F4xx_HAL_Driver/Src/stm32f4xx_hal_cortex.o
 .debug_aranges
                0x00000500       0x90 ./Drivers/STM32F4xx_HAL_Driver/Src/stm32f4xx_hal_dma.o
 .debug_aranges
                0x00000590       0x58 ./Drivers/STM32F4xx_HAL_Driver/Src/stm32f4xx_hal_gpio.o
 .debug_aranges
                0x000005e8       0x88 ./Drivers/STM32F4xx_HAL_Driver/Src/stm32f4xx_hal_rcc.o
 .debug_aranges
                0x00000670      0x3d0 ./Drivers/STM32F4xx_HAL_Driver/Src/stm32f4xx_hal_tim.o
 .debug_aranges
                0x00000a40      0x168 ./Drivers/STM32F4xx_HAL_Driver/Src/stm32f4xx_hal_tim_ex.o
 .debug_aranges
                0x00000ba8      0x208 ./Drivers/STM32F4xx_HAL_Driver/Src/stm32f4xx_hal_uart.o
 .debug_aranges
                0x00000db0      0x2b0 ./Middlewares/Third_Party/FreeRTOS/Source/CMSIS_RTOS_V2/cmsis_os2.o
 .debug_aranges
                0x00001060       0x40 ./Middlewares/Third_Party/FreeRTOS/Source/list.o
 .debug_aranges
                0x000010a0      0x158 ./Middlewares/Third_Party/FreeRTOS/Source/queue.o
 .debug_aranges
                0x000011f8      0x208 ./Middlewares/Third_Party/FreeRTOS/Source/tasks.o
 .debug_aranges
                0x00001400       0xf0 ./Middlewares/Third_Party/FreeRTOS/Source/timers.o
 .debug_aranges
                0x000014f0       0x80 ./Middlewares/Third_Party/FreeRTOS/Source/portable/GCC/ARM_CM4F/port.o
 .debug_aranges
                0x00001570       0x58 ./Middlewares/Third_Party/FreeRTOS/Source/portable/MemMang/heap_4.o

.debug_rnglists
                0x00000000     0x10d7
 .debug_rnglists
                0x00000000       0x2b ./Core/Src/freertos.o
 .debug_rnglists
                0x0000002b       0x14 ./Core/Src/gpio.o
 .debug_rnglists
                0x0000003f       0x2c ./Core/Src/main.o
 .debug_rnglists
                0x0000006b       0x4c ./Core/Src/moter.o
 .debug_rnglists
                0x000000b7       0x13 ./Core/Src/stm32f4xx_hal_msp.o
 .debug_rnglists
                0x000000ca       0x20 ./Core/Src/stm32f4xx_hal_timebase_tim.o
 .debug_rnglists
                0x000000ea       0x4f ./Core/Src/stm32f4xx_it.o
 .debug_rnglists
                0x00000139       0x1a ./Core/Src/system_stm32f4xx.o
 .debug_rnglists
                0x00000153       0x49 ./Core/Src/tim.o
 .debug_rnglists
                0x0000019c       0x26 ./Core/Src/ultrasonic.o
 .debug_rnglists
                0x000001c2       0x20 ./Core/Src/usart.o
 .debug_rnglists
                0x000001e2       0x19 ./Core/Startup/startup_stm32f411retx.o
 .debug_rnglists
                0x000001fb       0xaf ./Drivers/STM32F4xx_HAL_Driver/Src/stm32f4xx_hal.o
 .debug_rnglists
                0x000002aa       0xe0 ./Drivers/STM32F4xx_HAL_Driver/Src/stm32f4xx_hal_cortex.o
 .debug_rnglists
                0x0000038a       0x70 ./Drivers/STM32F4xx_HAL_Driver/Src/stm32f4xx_hal_dma.o
 .debug_rnglists
                0x000003fa       0x3f ./Drivers/STM32F4xx_HAL_Driver/Src/stm32f4xx_hal_gpio.o
 .debug_rnglists
                0x00000439       0x66 ./Drivers/STM32F4xx_HAL_Driver/Src/stm32f4xx_hal_rcc.o
 .debug_rnglists
                0x0000049f      0x31a ./Drivers/STM32F4xx_HAL_Driver/Src/stm32f4xx_hal_tim.o
 .debug_rnglists
                0x000007b9      0x125 ./Drivers/STM32F4xx_HAL_Driver/Src/stm32f4xx_hal_tim_ex.o
 .debug_rnglists
                0x000008de      0x1bc ./Drivers/STM32F4xx_HAL_Driver/Src/stm32f4xx_hal_uart.o
 .debug_rnglists
                0x00000a9a      0x212 ./Middlewares/Third_Party/FreeRTOS/Source/CMSIS_RTOS_V2/cmsis_os2.o
 .debug_rnglists
                0x00000cac       0x2b ./Middlewares/Third_Party/FreeRTOS/Source/list.o
 .debug_rnglists
                0x00000cd7      0x109 ./Middlewares/Third_Party/FreeRTOS/Source/queue.o
 .debug_rnglists
                0x00000de0      0x1a0 ./Middlewares/Third_Party/FreeRTOS/Source/tasks.o
 .debug_rnglists
                0x00000f80       0xb8 ./Middlewares/Third_Party/FreeRTOS/Source/timers.o
 .debug_rnglists
                0x00001038       0x5d ./Middlewares/Third_Party/FreeRTOS/Source/portable/GCC/ARM_CM4F/port.o
 .debug_rnglists
                0x00001095       0x42 ./Middlewares/Third_Party/FreeRTOS/Source/portable/MemMang/heap_4.o

.debug_macro    0x00000000     0x4cf8
 .debug_macro   0x00000000      0x32b ./Core/Src/freertos.o
 .debug_macro   0x0000032b      0x16f ./Core/Src/freertos.o
 .debug_macro   0x0000049a      0x15a ./Core/Src/freertos.o
 .debug_macro   0x000005f4       0xc9 ./Core/Src/freertos.o
 .debug_macro   0x000006bd       0x1c ./Core/Src/freertos.o
 .debug_macro   0x000006d9       0x26 ./Core/Src/freertos.o
 .debug_macro   0x000006ff       0x61 ./Core/Src/freertos.o
 .debug_macro   0x00000760       0x2a ./Core/Src/freertos.o
 .debug_macro   0x0000078a       0x43 ./Core/Src/freertos.o
 .debug_macro   0x000007cd       0x34 ./Core/Src/freertos.o
 .debug_macro   0x00000801       0x16 ./Core/Src/freertos.o
 .debug_macro   0x00000817       0x43 ./Core/Src/freertos.o
 .debug_macro   0x0000085a       0x34 ./Core/Src/freertos.o
 .debug_macro   0x0000088e       0x10 ./Core/Src/freertos.o
 .debug_macro   0x0000089e       0x58 ./Core/Src/freertos.o
 .debug_macro   0x000008f6       0x8e ./Core/Src/freertos.o
 .debug_macro   0x00000984       0x1c ./Core/Src/freertos.o
 .debug_macro   0x000009a0      0x177 ./Core/Src/freertos.o
 .debug_macro   0x00000b17       0x10 ./Core/Src/freertos.o
 .debug_macro   0x00000b27       0x35 ./Core/Src/freertos.o
 .debug_macro   0x00000b5c      0x4bf ./Core/Src/freertos.o
 .debug_macro   0x0000101b       0xb5 ./Core/Src/freertos.o
 .debug_macro   0x000010d0       0xaa ./Core/Src/freertos.o
 .debug_macro   0x0000117a       0x6c ./Core/Src/freertos.o
 .debug_macro   0x000011e6       0x74 ./Core/Src/freertos.o
 .debug_macro   0x0000125a       0xdd ./Core/Src/freertos.o
 .debug_macro   0x00001337      0x1e2 ./Core/Src/gpio.o
 .debug_macro   0x00001519      0x34d ./Core/Src/main.o
 .debug_macro   0x00001866      0x16f ./Core/Src/main.o
 .debug_macro   0x000019d5       0x66 ./Core/Src/main.o
 .debug_macro   0x00001a3b      0x1e2 ./Core/Src/moter.o
 .debug_macro   0x00001c1d      0x1d8 ./Core/Src/stm32f4xx_hal_msp.o
 .debug_macro   0x00001df5      0x1ce ./Core/Src/stm32f4xx_hal_timebase_tim.o
 .debug_macro   0x00001fc3      0x1e2 ./Core/Src/stm32f4xx_it.o
 .debug_macro   0x000021a5      0x1ce ./Core/Src/system_stm32f4xx.o
 .debug_macro   0x00002373      0x1e2 ./Core/Src/tim.o
 .debug_macro   0x00002555      0x1f6 ./Core/Src/ultrasonic.o
 .debug_macro   0x0000274b      0x1e2 ./Core/Src/usart.o
 .debug_macro   0x0000292d      0x22e ./Drivers/STM32F4xx_HAL_Driver/Src/stm32f4xx_hal.o
 .debug_macro   0x00002b5b      0x1ce ./Drivers/STM32F4xx_HAL_Driver/Src/stm32f4xx_hal_cortex.o
 .debug_macro   0x00002d29      0x1d4 ./Drivers/STM32F4xx_HAL_Driver/Src/stm32f4xx_hal_dma.o
 .debug_macro   0x00002efd      0x1d4 ./Drivers/STM32F4xx_HAL_Driver/Src/stm32f4xx_hal_gpio.o
 .debug_macro   0x000030d1      0x1f2 ./Drivers/STM32F4xx_HAL_Driver/Src/stm32f4xx_hal_rcc.o
 .debug_macro   0x000032c3      0x1cf ./Drivers/STM32F4xx_HAL_Driver/Src/stm32f4xx_hal_tim.o
 .debug_macro   0x00003492      0x1ce ./Drivers/STM32F4xx_HAL_Driver/Src/stm32f4xx_hal_tim_ex.o
 .debug_macro   0x00003660      0x1cf ./Drivers/STM32F4xx_HAL_Driver/Src/stm32f4xx_hal_uart.o
 .debug_macro   0x0000382f      0x3d7 ./Middlewares/Third_Party/FreeRTOS/Source/CMSIS_RTOS_V2/cmsis_os2.o
 .debug_macro   0x00003c06       0x10 ./Middlewares/Third_Party/FreeRTOS/Source/CMSIS_RTOS_V2/cmsis_os2.o
 .debug_macro   0x00003c16       0x20 ./Middlewares/Third_Party/FreeRTOS/Source/CMSIS_RTOS_V2/cmsis_os2.o
 .debug_macro   0x00003c36       0x10 ./Middlewares/Third_Party/FreeRTOS/Source/CMSIS_RTOS_V2/cmsis_os2.o
 .debug_macro   0x00003c46       0xf5 ./Middlewares/Third_Party/FreeRTOS/Source/CMSIS_RTOS_V2/cmsis_os2.o
 .debug_macro   0x00003d3b       0x16 ./Middlewares/Third_Party/FreeRTOS/Source/CMSIS_RTOS_V2/cmsis_os2.o
 .debug_macro   0x00003d51       0x91 ./Middlewares/Third_Party/FreeRTOS/Source/CMSIS_RTOS_V2/cmsis_os2.o
 .debug_macro   0x00003de2       0x8d ./Middlewares/Third_Party/FreeRTOS/Source/CMSIS_RTOS_V2/cmsis_os2.o
 .debug_macro   0x00003e6f       0x9a ./Middlewares/Third_Party/FreeRTOS/Source/CMSIS_RTOS_V2/cmsis_os2.o
 .debug_macro   0x00003f09       0x22 ./Middlewares/Third_Party/FreeRTOS/Source/CMSIS_RTOS_V2/cmsis_os2.o
 .debug_macro   0x00003f2b       0x56 ./Middlewares/Third_Party/FreeRTOS/Source/CMSIS_RTOS_V2/cmsis_os2.o
 .debug_macro   0x00003f81      0x199 ./Middlewares/Third_Party/FreeRTOS/Source/list.o
 .debug_macro   0x0000411a      0x228 ./Middlewares/Third_Party/FreeRTOS/Source/queue.o
 .debug_macro   0x00004342       0x16 ./Middlewares/Third_Party/FreeRTOS/Source/queue.o
 .debug_macro   0x00004358       0x87 ./Middlewares/Third_Party/FreeRTOS/Source/queue.o
 .debug_macro   0x000043df      0x291 ./Middlewares/Third_Party/FreeRTOS/Source/tasks.o
 .debug_macro   0x00004670       0x10 ./Middlewares/Third_Party/FreeRTOS/Source/tasks.o
 .debug_macro   0x00004680      0x1ee ./Middlewares/Third_Party/FreeRTOS/Source/timers.o
 .debug_macro   0x0000486e       0x97 ./Middlewares/Third_Party/FreeRTOS/Source/timers.o
 .debug_macro   0x00004905      0x233 ./Middlewares/Third_Party/FreeRTOS/Source/portable/GCC/ARM_CM4F/port.o
 .debug_macro   0x00004b38      0x1c0 ./Middlewares/Third_Party/FreeRTOS/Source/portable/MemMang/heap_4.o

.debug_line     0x00000000    0x19d6e
 .debug_line    0x00000000      0xaa1 ./Core/Src/freertos.o
 .debug_line    0x00000aa1      0x794 ./Core/Src/gpio.o
 .debug_line    0x00001235      0xae3 ./Core/Src/main.o
 .debug_line    0x00001d18      0xac5 ./Core/Src/moter.o
 .debug_line    0x000027dd      0x750 ./Core/Src/stm32f4xx_hal_msp.o
 .debug_line    0x00002f2d      0x7bc ./Core/Src/stm32f4xx_hal_timebase_tim.o
 .debug_line    0x000036e9      0x84b ./Core/Src/stm32f4xx_it.o
 .debug_line    0x00003f34      0x7d3 ./Core/Src/system_stm32f4xx.o
 .debug_line    0x00004707      0x9d1 ./Core/Src/tim.o
 .debug_line    0x000050d8      0x8d9 ./Core/Src/ultrasonic.o
 .debug_line    0x000059b1      0x7cd ./Core/Src/usart.o
 .debug_line    0x0000617e       0x7a ./Core/Startup/startup_stm32f411retx.o
 .debug_line    0x000061f8      0xa3c ./Drivers/STM32F4xx_HAL_Driver/Src/stm32f4xx_hal.o
 .debug_line    0x00006c34      0xd2e ./Drivers/STM32F4xx_HAL_Driver/Src/stm32f4xx_hal_cortex.o
 .debug_line    0x00007962      0xfac ./Drivers/STM32F4xx_HAL_Driver/Src/stm32f4xx_hal_dma.o
 .debug_line    0x0000890e      0xb8c ./Drivers/STM32F4xx_HAL_Driver/Src/stm32f4xx_hal_gpio.o
 .debug_line    0x0000949a      0xdc7 ./Drivers/STM32F4xx_HAL_Driver/Src/stm32f4xx_hal_rcc.o
 .debug_line    0x0000a261     0x35ba ./Drivers/STM32F4xx_HAL_Driver/Src/stm32f4xx_hal_tim.o
 .debug_line    0x0000d81b     0x19cd ./Drivers/STM32F4xx_HAL_Driver/Src/stm32f4xx_hal_tim_ex.o
 .debug_line    0x0000f1e8     0x290e ./Drivers/STM32F4xx_HAL_Driver/Src/stm32f4xx_hal_uart.o
 .debug_line    0x00011af6     0x23a7 ./Middlewares/Third_Party/FreeRTOS/Source/CMSIS_RTOS_V2/cmsis_os2.o
 .debug_line    0x00013e9d      0x7a1 ./Middlewares/Third_Party/FreeRTOS/Source/list.o
 .debug_line    0x0001463e     0x176b ./Middlewares/Third_Party/FreeRTOS/Source/queue.o
 .debug_line    0x00015da9     0x1e66 ./Middlewares/Third_Party/FreeRTOS/Source/tasks.o
 .debug_line    0x00017c0f      0xe29 ./Middlewares/Third_Party/FreeRTOS/Source/timers.o
 .debug_line    0x00018a38      0x96a ./Middlewares/Third_Party/FreeRTOS/Source/portable/GCC/ARM_CM4F/port.o
 .debug_line    0x000193a2      0x9cc ./Middlewares/Third_Party/FreeRTOS/Source/portable/MemMang/heap_4.o

.debug_str      0x00000000    0x98855
 .debug_str     0x00000000    0x8d748 ./Core/Src/freertos.o
                              0x8da1a (size before relaxing)
 .debug_str     0x0008d748      0x1f9 ./Core/Src/gpio.o
                              0x870d9 (size before relaxing)
 .debug_str     0x0008d941      0x965 ./Core/Src/main.o
                              0x8dfda (size before relaxing)
 .debug_str     0x0008e2a6       0x91 ./Core/Src/moter.o
                              0x875ad (size before relaxing)
 .debug_str     0x0008e337      0x3d7 ./Core/Src/stm32f4xx_hal_msp.o
                              0x873c3 (size before relaxing)
 .debug_str     0x0008e70e      0x10b ./Core/Src/stm32f4xx_hal_timebase_tim.o
                              0x87a4e (size before relaxing)
 .debug_str     0x0008e819      0x119 ./Core/Src/stm32f4xx_it.o
                              0x8774a (size before relaxing)
 .debug_str     0x0008e932       0xdb ./Core/Src/system_stm32f4xx.o
                              0x870be (size before relaxing)
 .debug_str     0x0008ea0d      0x28d ./Core/Src/tim.o
                              0x87cca (size before relaxing)
 .debug_str     0x0008ec9a       0xe2 ./Core/Src/ultrasonic.o
                              0x875f0 (size before relaxing)
 .debug_str     0x0008ed7c       0x51 ./Core/Src/usart.o
                              0x87972 (size before relaxing)
 .debug_str     0x0008edcd       0x44 ./Core/Startup/startup_stm32f411retx.o
                                 0x78 (size before relaxing)
 .debug_str     0x0008ee11      0x5c9 ./Drivers/STM32F4xx_HAL_Driver/Src/stm32f4xx_hal.o
                              0x87aea (size before relaxing)
 .debug_str     0x0008f3da      0x362 ./Drivers/STM32F4xx_HAL_Driver/Src/stm32f4xx_hal_cortex.o
                              0x87854 (size before relaxing)
 .debug_str     0x0008f73c      0x31d ./Drivers/STM32F4xx_HAL_Driver/Src/stm32f4xx_hal_dma.o
                              0x874c6 (size before relaxing)
 .debug_str     0x0008fa59      0x121 ./Drivers/STM32F4xx_HAL_Driver/Src/stm32f4xx_hal_gpio.o
                              0x87239 (size before relaxing)
 .debug_str     0x0008fb7a      0x1fd ./Drivers/STM32F4xx_HAL_Driver/Src/stm32f4xx_hal_rcc.o
                              0x874f2 (size before relaxing)
 .debug_str     0x0008fd77      0xc60 ./Drivers/STM32F4xx_HAL_Driver/Src/stm32f4xx_hal_tim.o
                              0x88436 (size before relaxing)
 .debug_str     0x000909d7      0x493 ./Drivers/STM32F4xx_HAL_Driver/Src/stm32f4xx_hal_tim_ex.o
                              0x87c42 (size before relaxing)
 .debug_str     0x00090e6a      0x5cb ./Drivers/STM32F4xx_HAL_Driver/Src/stm32f4xx_hal_uart.o
                              0x87ac1 (size before relaxing)
 .debug_str     0x00091435     0x48a9 ./Middlewares/Third_Party/FreeRTOS/Source/CMSIS_RTOS_V2/cmsis_os2.o
                              0x91eac (size before relaxing)
 .debug_str     0x00095cde      0x20f ./Middlewares/Third_Party/FreeRTOS/Source/list.o
                               0xaafc (size before relaxing)
 .debug_str     0x00095eed      0x892 ./Middlewares/Third_Party/FreeRTOS/Source/queue.o
                               0xc63c (size before relaxing)
 .debug_str     0x0009677f     0x1080 ./Middlewares/Third_Party/FreeRTOS/Source/tasks.o
                               0xd441 (size before relaxing)
 .debug_str     0x000977ff      0x5af ./Middlewares/Third_Party/FreeRTOS/Source/timers.o